# PLOT_DATA_V1 BEGIN
# run=full_8gpu_20260917T084941Z; T1/T2/D1 latency: rank-max p50 in ms; T3: mean in ms
# T1 first bar is sum of isolated comm/compute p50s, not p50 of their sum
# T1 gpu=NVIDIA H800; SMs=132; world=8
# T2 gpu=NVIDIA H800; SMs=132; world=8
# T1
batch,local_seqlen,method,comm_plus_compute_ms,serial_ms,overlap_ms
1,16384,ring,35.2114234,34.6583023,31.8824959
1,16384,allgather,30.122719,31.1103687,33.2565422
2,8192,ring,23.3567038,23.246048,18.4393272
2,8192,allgather,17.0822723,18.3972168,18.6932163
4,4096,ring,17.2603841,17.651392,12.193984
4,4096,allgather,10.8631039,18.5283203,17.5993595
8,2048,ring,14.5457916,15.0895681,9.95359993
8,2048,allgather,8.74540782,33.3555527,32.7477455
16,1024,ring,13.6443839,14.2602882,9.63507175
16,1024,allgather,13.7504325,64.4840927,64.0367355
# T2
batch,local_seqlen,step_external_reduce_ms,step_fused_reduce_ms,linear_queue_recycle_ms
1,16384,31.0060158,29.4940472,29.4990406
2,8192,17.3493443,15.654048,15.5968962
4,4096,10.7385283,8.61795235,8.55072021
8,2048,7.82358408,5.36272001,5.20409584
16,1024,6.91308784,4.00694418,3.93593597
# T3: equal-case arithmetic means; stack the four components to obtain total
# T3
dataset,strategy,n,OtherBwd_ms,OtherFwd_ms,CoreFwd_ms,CoreBwd_ms
arxiv,all_cp,20,14.8194048,10.7909813,6.19881776,17.6880864
arxiv,br_pbs,20,15.497636,11.6232557,6.00517955,17.010528
arxiv,megatron_adapted,20,15.8591347,12.203406,6.35375688,18.2776347
arxiv,zeppelin_adapted,20,17.3218122,12.6469899,7.20481645,21.6898351
github,all_cp,20,21.2351882,15.0440493,5.9068862,13.3557298
github,br_pbs,20,15.2648107,12.6388171,3.39806392,9.65087387
github,megatron_adapted,20,19.3111222,14.7589071,3.59100207,11.8364484
github,zeppelin_adapted,20,16.1559509,12.8352026,3.84578428,11.6445255
pile,all_cp,20,30.9863942,21.7832093,8.68067313,13.9843144
pile,br_pbs,20,15.2792182,14.9261442,2.10032384,5.99873282
pile,megatron_adapted,20,18.0165598,16.2313831,2.11258844,7.15643256
pile,zeppelin_adapted,20,17.1016636,16.0293301,2.13236744,6.69102459
freelaw,all_cp,20,17.4113162,12.9448449,4.45038288,11.1342423
freelaw,br_pbs,20,15.444501,13.4075449,3.08329652,8.65732284
freelaw,megatron_adapted,20,17.6581575,14.1395141,3.35181543,10.2793314
freelaw,zeppelin_adapted,20,16.1701179,13.6162774,3.10404185,9.23616996
prolong,all_cp,20,14.7354974,10.3919867,12.4132021,35.9586794
prolong,br_pbs,20,15.1030924,10.8099016,12.1314266,35.6690925
prolong,megatron_adapted,20,14.8286985,10.4835223,12.4387845,36.0231784
prolong,zeppelin_adapted,20,15.5549942,11.0338961,12.9245173,38.0467473
# D1: selected rerun only; diagnostic timings are separate from trace-off p50
# trace phase: 0=Q all-gather,1=attention,2=history combine,3=receive,4=final combine
# trace intervals include waits/synchronization; rank/method replays have separate origins
# D1_CASE {"case_id":"case_000003","kind":"decode_only_q16","config":{"qhead":32,"kvhead":4,"headdim":128,"tp_size":8,"dcp_size":2,"configuration_role":"formal"},"selection_status":"manually_selected","gpu":"NVIDIA H800","sm_count":132}
# D1 trace-off
method,p50_ms
critical_wave,0.170304
fa3_native,0.211840004
vllm_a2a,0.231519997
# A2A critical_rank=3; CTA traces use rank 0; CUDA event durations overlap; do not sum all A2A rows
# A2A stages
stage,ms
q_allgather_and_reorder_ms,0.190495998
local_history_attention_ms,0.0704960003
attention_end_to_end_ms,0.360960007
local_chunk_attention_ms,0.0154240001
overlapped_ag_chunk_window_ms,0.343647987
state_merge_ms,0.00739199994
lse_allgather_correct_ms,0
output_reduce_scatter_ms,0
a2a_pack_ms,0.00777600007
a2a_all_to_all_ms,0.0266559999
a2a_unpack_combine_ms,0.00780799985
output_collective_ms,0.0266559999
sequential_ag_plus_chunk_ms,0.205919998
# TRACE method=critical_wave rank=0; relative integer ns
cta,sm,phase,start_ns,duration_ns
0,124,0,0,12544
0,124,3,12576,71200
1,125,0,0,14176
1,125,3,14176,80064
2,126,0,0,9664
2,126,3,9696,84640
3,127,0,0,9664
3,127,3,9664,66816
4,128,1,32,44992
4,128,2,45600,16576
4,128,4,62208,34144
5,129,1,32,56480
5,129,2,56544,5632
5,129,4,62208,34112
6,130,1,32,46624
6,130,2,47136,18976
6,130,4,66144,20352
7,131,1,32,47456
7,131,2,47936,17760
7,131,4,65728,20160
8,8,1,64,48736
8,8,2,49312,16448
8,8,4,65824,14240
9,9,1,32,47104
9,9,2,47648,14432
9,9,4,62112,35968
10,24,1,32,50688
10,24,2,50816,15168
10,24,4,66048,14656
11,25,1,32,46240
11,25,2,46656,19232
11,25,4,65952,12576
12,40,1,32,41376
12,40,2,41472,24320
12,40,4,65824,14208
13,41,1,32,44256
13,41,2,44352,21440
13,41,4,65824,13216
14,56,1,32,49024
14,56,2,49344,16480
14,56,4,65888,12416
15,57,1,0,46688
15,57,2,47200,18400
15,57,4,65632,20896
16,70,1,32,49632
16,70,2,50176,15584
16,70,4,65824,14176
17,71,1,32,44576
17,71,2,45152,17056
17,71,4,62240,21760
18,84,1,32,44064
18,84,2,44608,20800
18,84,4,65440,30784
19,85,1,64,49696
19,85,2,49856,15744
19,85,4,65632,14304
20,98,1,0,47040
20,98,2,47584,14560
20,98,4,62176,35648
21,99,1,0,50304
21,99,2,50816,28000
21,99,4,78848,1120
22,112,1,32,49312
22,112,2,49856,15744
22,112,4,65664,32448
23,113,1,0,48320
23,113,2,48608,16960
23,113,4,65600,15136
24,10,1,64,44768
24,10,2,45376,16800
24,10,4,62208,22752
25,11,1,64,45920
25,11,2,46528,19136
25,11,4,65696,14400
26,26,1,64,42624
26,26,2,42848,23136
26,26,4,66016,14880
27,27,1,32,48224
27,27,2,48352,20672
27,27,4,69056,15168
28,42,1,64,44608
28,42,2,45056,20768
28,42,4,65856,12992
29,43,1,32,44736
29,43,2,45280,16832
29,43,4,62176,16512
30,58,1,32,46272
30,58,2,46848,19072
30,58,4,65952,12288
31,59,1,0,47904
31,59,2,48384,13728
31,59,4,62144,17984
32,72,1,32,50112
32,72,2,50720,12576
32,72,4,63328,16768
33,73,1,64,46016
33,73,2,46624,19200
33,73,4,65856,32544
34,86,1,32,56000
34,86,2,56160,5952
34,86,4,62176,35872
35,87,1,32,47616
35,87,2,48224,13824
35,87,4,62080,34272
36,100,1,32,50208
36,100,2,50720,15040
36,100,4,65792,30912
37,101,1,0,46624
37,101,2,47296,14752
37,101,4,62080,22816
38,114,1,32,46944
38,114,2,47648,14400
38,114,4,62080,18016
39,115,1,32,43904
39,115,2,44064,21440
39,115,4,65536,32640
40,12,1,64,47456
40,12,2,48032,18112
40,12,4,66176,20320
41,13,1,64,48576
41,13,2,49120,18208
41,13,4,67360,18912
42,28,1,32,45600
42,28,2,46176,15840
42,28,4,62048,24192
43,29,1,32,46016
43,29,2,46880,15264
43,29,4,62176,17824
44,44,1,64,47680
44,44,2,48288,13920
44,44,4,62272,22944
45,45,1,32,46304
45,45,2,46848,18400
45,45,4,65280,18848
46,60,1,32,42272
46,60,2,42848,23040
46,60,4,65920,14080
47,61,1,32,44128
47,61,2,44672,21024
47,61,4,65728,12704
48,74,1,64,44000
48,74,2,44704,21024
48,74,4,65760,14176
49,75,1,32,40832
49,75,2,40896,21248
49,75,4,62176,17760
50,88,1,64,43264
50,88,2,43904,21312
50,88,4,65248,20768
51,89,1,32,44256
51,89,2,44832,21152
51,89,4,66048,14752
52,102,1,0,44160
52,102,2,44704,22528
52,102,4,67264,18784
53,103,1,32,43552
53,103,2,44064,21856
53,103,4,65952,20672
54,116,1,32,45088
54,116,2,45632,16544
54,116,4,62208,16480
55,117,1,32,43808
55,117,2,44352,21280
55,117,4,65696,13152
56,120,1,32,44224
56,120,2,44768,20640
56,120,4,65440,13056
57,121,1,32,43584
57,121,2,44128,21856
57,121,4,66016,30528
58,14,1,64,47936
58,14,2,48640,17184
58,14,4,65856,30912
59,15,1,64,46016
59,15,2,46624,18976
59,15,4,65664,32800
60,30,1,64,47552
60,30,2,48128,17504
60,30,4,65696,32544
61,31,1,64,42208
61,31,2,42336,23328
61,31,4,65696,32000
62,46,1,64,58272
62,46,2,58368,4928
62,46,4,63328,33504
63,47,1,64,47584
63,47,2,48160,17408
63,47,4,65600,18208
64,62,1,64,47904
64,62,2,48480,17376
64,62,4,65888,13728
65,63,1,32,47168
65,63,2,47744,18048
65,63,4,65824,14464
66,76,1,32,47680
66,76,2,48256,17344
66,76,4,65632,32384
67,77,1,64,47584
67,77,2,48128,17440
67,77,4,65600,14240
68,90,1,64,47296
68,90,2,47936,17248
68,90,4,65216,13056
69,91,1,32,48128
69,91,2,48672,13312
69,91,4,62016,16800
70,104,1,32,49056
70,104,2,49792,15456
70,104,4,65312,14848
71,105,1,32,48256
71,105,2,48928,17024
71,105,4,66016,12160
72,118,1,64,48832
72,118,2,49536,16128
72,118,4,65696,32224
73,119,1,32,48384
73,119,2,48960,13056
73,119,4,62048,35744
74,122,1,64,48192
74,122,2,48832,16352
74,122,4,65248,15104
75,123,1,64,48352
75,123,2,48960,16768
75,123,4,65760,32192
76,0,1,32,42944
76,0,2,43424,20448
76,0,4,63936,20224
77,1,1,32,59232
77,1,2,59328,5056
77,1,4,64416,32160
78,16,1,32,46400
78,16,2,46944,15200
78,16,4,62176,16544
79,17,1,32,45088
79,17,2,45792,17472
79,17,4,63296,20768
80,32,1,32,44992
80,32,2,45568,16896
80,32,4,62528,34112
81,33,1,64,45952
81,33,2,46560,17248
81,33,4,63872,34176
82,48,1,32,46016
82,48,2,46592,19104
82,48,4,65728,12960
83,49,1,0,47296
83,49,2,47680,17664
83,49,4,65376,14624
84,2,1,64,47680
84,2,2,48256,16992
84,2,4,65280,22656
85,3,1,64,47872
85,3,2,48512,13664
85,3,4,62208,22752
86,18,1,64,48352
86,18,2,48928,16704
86,18,4,65664,30720
87,19,1,64,47904
87,19,2,48480,17152
87,19,4,65664,31968
88,34,1,64,46304
88,34,2,46912,18944
88,34,4,65888,30656
89,35,1,64,46368
89,35,2,46880,18304
89,35,4,65216,14848
90,50,1,32,43200
90,50,2,43456,22112
90,50,4,65600,32224
91,51,1,32,56896
91,51,2,56992,5248
91,51,4,62272,21248
92,64,1,64,48896
92,64,2,49472,16128
92,64,4,65632,32128
93,65,1,32,48704
93,65,2,49280,16320
93,65,4,65632,18240
94,78,1,64,47040
94,78,2,47616,17824
94,78,4,65472,18272
95,79,1,64,47232
95,79,2,47840,14208
95,79,4,62080,16192
96,92,1,32,48864
96,92,2,49120,13344
96,92,4,62496,35296
97,93,1,0,44512
97,93,2,45024,17088
97,93,4,62176,20448
98,106,1,64,45632
98,106,2,46176,15872
98,106,4,62080,34912
99,107,1,32,44672
99,107,2,45248,19552
99,107,4,64832,22784
100,4,1,64,44192
100,4,2,44768,20960
100,4,4,65760,31104
101,5,1,64,45472
101,5,2,46144,15840
101,5,4,62048,22880
102,20,1,64,48672
102,20,2,49216,34208
102,20,4,83456,544
103,21,1,64,47744
103,21,2,48320,13856
103,21,4,62240,36416
104,36,1,64,46304
104,36,2,46592,19360
104,36,4,65984,20256
105,37,1,64,46816
105,37,2,47296,15872
105,37,4,63232,20352
106,52,1,64,46336
106,52,2,46944,18752
106,52,4,65760,14016
107,53,1,32,46624
107,53,2,47168,18624
107,53,4,65824,12448
108,66,1,32,46752
108,66,2,47296,17824
108,66,4,65152,33216
109,67,1,64,47200
109,67,2,47456,14592
109,67,4,62080,16352
110,80,1,64,57792
110,80,2,57888,5184
110,80,4,63136,33280
111,81,1,64,46624
111,81,2,47200,16416
111,81,4,63680,20064
112,94,1,32,47360
112,94,2,47904,17216
112,94,4,65152,33120
113,95,1,32,47360
113,95,2,47936,17024
113,95,4,65024,31808
114,108,1,32,48096
114,108,2,48608,16768
114,108,4,65408,14944
115,109,1,64,47968
115,109,2,48640,16704
115,109,4,65408,22336
116,6,1,64,48352
116,6,2,49056,16416
116,6,4,65504,19328
117,7,1,64,45568
117,7,2,46176,18816
117,7,4,65024,31296
118,22,1,64,57312
118,22,2,57472,5184
118,22,4,62688,34432
119,23,1,64,49024
119,23,2,49632,13952
119,23,4,63648,20000
120,38,1,64,50592
120,38,2,51232,11040
120,38,4,62304,34656
121,39,1,64,50880
121,39,2,51456,11072
121,39,4,62560,33824
122,54,1,64,49824
122,54,2,50432,14880
122,54,4,65344,19360
123,55,1,32,48704
123,55,2,49344,16128
123,55,4,65504,14752
124,68,1,64,47904
124,68,2,48544,16832
124,68,4,65408,14944
125,69,1,32,47328
125,69,2,47840,14176
125,69,4,62048,35968
126,82,1,64,47456
126,82,2,48000,17408
126,82,4,65440,19776
127,83,1,32,48608
127,83,2,49184,16736
127,83,4,65952,13952
128,96,1,32,49312
128,96,2,49856,15616
128,96,4,65504,33216
129,97,1,32,48608
129,97,2,49184,16320
129,97,4,65536,22080
130,110,1,64,48992
130,110,2,49600,15808
130,110,4,65440,14720
131,111,1,32,47840
131,111,2,48448,15136
131,111,4,63616,34688
# TRACE method=fa3_native rank=0; relative integer ns
cta,sm,phase,start_ns,duration_ns
0,124,0,0,12032
0,124,3,12064,72224
1,125,0,32,12128
1,125,3,12192,78368
2,126,0,0,8992
2,126,3,9024,83936
3,127,0,32,9632
3,127,3,9696,79744
4,128,1,32,46784
4,128,2,47328,21408
4,128,4,68800,13952
5,129,1,64,43680
5,129,2,44256,19808
5,129,4,64096,18304
6,130,1,64,47456
6,130,2,48192,16544
6,130,4,64768,28832
7,131,1,64,48608
7,131,2,49216,16192
7,131,4,65440,12096
8,8,1,64,47392
8,8,2,48128,16160
8,8,4,64320,30560
9,9,1,64,50368
9,9,2,50752,13536
9,9,4,64320,24256
10,24,1,64,50304
10,24,2,50912,11520
10,24,4,62464,15136
11,25,1,64,50784
11,25,2,51360,14400
11,25,4,65792,21600
12,40,1,64,52736
12,40,2,53280,12960
12,40,4,66272,12480
13,41,1,64,54720
13,41,2,55264,9024
13,41,4,64320,18048
14,56,1,32,50176
14,56,2,50400,13344
14,56,4,63808,13824
15,57,1,32,50880
15,57,2,51424,14368
15,57,4,65824,19488
16,70,1,32,51328
16,70,2,51872,10976
16,70,4,62880,15360
17,71,1,32,54112
17,71,2,54656,9664
17,71,4,64352,17888
18,84,1,64,39328
18,84,2,39840,22752
18,84,4,62624,15616
19,85,1,64,53792
19,85,2,54432,8128
19,85,4,62624,19680
20,98,1,32,49312
20,98,2,49888,21280
20,98,4,71200,9696
21,99,1,32,48224
21,99,2,48352,18016
21,99,4,66400,21024
22,112,1,32,54048
22,112,2,54592,9344
22,112,4,63968,28480
23,113,1,32,49632
23,113,2,50240,13152
23,113,4,63456,14784
24,10,1,64,44064
24,10,2,44640,20928
24,10,4,65600,14112
25,11,1,64,47744
25,11,2,48128,14752
25,11,4,62912,25184
26,26,1,64,40160
26,26,2,40256,23904
26,26,4,64224,13408
27,27,1,64,50432
27,27,2,51040,13152
27,27,4,64224,18048
28,42,1,64,50112
28,42,2,50496,13280
28,42,4,63808,29600
29,43,1,64,51488
29,43,2,51872,10880
29,43,4,62784,25344
30,58,1,32,53472
30,58,2,53664,11488
30,58,4,65184,16928
31,59,1,32,48992
31,59,2,49536,16896
31,59,4,66464,11360
32,72,1,32,46688
32,72,2,47264,15616
32,72,4,62912,25216
33,73,1,64,50048
33,73,2,50752,13120
33,73,4,63904,14880
34,86,1,64,40128
34,86,2,40256,26240
34,86,4,66528,12928
35,87,1,32,52736
35,87,2,53280,10624
35,87,4,63968,29568
36,100,1,32,49664
36,100,2,50304,13632
36,100,4,63968,14080
37,101,1,32,50528
37,101,2,50624,12672
37,101,4,63328,25344
38,114,1,32,50592
38,114,2,50944,13376
38,114,4,64352,17792
39,115,1,32,51168
39,115,2,51712,14432
39,115,4,66176,13664
40,12,1,96,52224
40,12,2,52832,9888
40,12,4,62784,16032
41,13,1,96,48800
41,13,2,49568,14624
41,13,4,64224,17888
42,28,1,64,47968
42,28,2,48544,14080
42,28,4,62688,25952
43,29,1,64,49664
43,29,2,50048,15904
43,29,4,65984,21248
44,44,1,96,49568
44,44,2,50240,16832
44,44,4,67104,11104
45,45,1,96,47168
45,45,2,47808,15200
45,45,4,63040,15936
46,60,1,64,39104
46,60,2,39648,23296
46,60,4,62976,27872
47,61,1,64,39520
47,61,2,40032,23904
47,61,4,63968,29472
48,74,1,64,38208
48,74,2,38848,23904
48,74,4,62784,34496
49,75,1,64,49024
49,75,2,49184,17024
49,75,4,66272,27040
50,88,1,64,40608
50,88,2,41216,22880
50,88,4,64128,28576
51,89,1,96,41920
51,89,2,42560,20416
51,89,4,63040,16608
52,102,1,64,41312
52,102,2,41920,22080
52,102,4,64032,23584
53,103,1,64,41088
53,103,2,41696,22272
53,103,4,64000,23648
54,116,1,32,40384
54,116,2,41056,21376
54,116,4,62464,23456
55,117,1,64,36320
55,117,2,36800,26880
55,117,4,63744,30944
56,120,1,96,32640
56,120,2,32800,32928
56,120,4,65760,19520
57,121,1,64,42560
57,121,2,42720,23808
57,121,4,66560,15168
58,14,1,64,45632
58,14,2,46176,16544
58,14,4,62752,17408
59,15,1,96,46496
59,15,2,47136,18592
59,15,4,65760,26272
60,30,1,96,45632
60,30,2,46240,16832
60,30,4,63104,16288
61,31,1,96,41888
61,31,2,42688,21504
61,31,4,64224,18176
62,46,1,96,58400
62,46,2,59104,5184
62,46,4,64320,24384
63,47,1,96,43296
63,47,2,43968,18560
63,47,4,62592,15968
64,62,1,64,44832
64,62,2,45472,23776
64,62,4,69280,14208
65,63,1,64,44192
65,63,2,44864,18656
65,63,4,63552,29632
66,76,1,96,36960
66,76,2,37984,24384
66,76,4,62400,21056
67,77,1,64,57152
67,77,2,57824,8288
67,77,4,66144,25056
68,90,1,96,59456
68,90,2,60032,5920
68,90,4,65984,31136
69,91,1,96,46368
69,91,2,47008,18752
69,91,4,65792,14848
70,104,1,32,44672
70,104,2,45216,18688
70,104,4,63936,30720
71,105,1,64,36032
71,105,2,36832,26048
71,105,4,62912,17760
72,118,1,64,30560
72,118,2,32096,33440
72,118,4,65600,18208
73,119,1,64,47648
73,119,2,48224,14144
73,119,4,62432,25184
74,122,1,96,45920
74,122,2,46560,33024
74,122,4,79616,544
75,123,1,96,47104
75,123,2,47744,14848
75,123,4,62624,34432
76,0,1,64,37568
76,0,2,37696,27872
76,0,4,65632,27968
77,1,1,64,43904
77,1,2,44512,24256
77,1,4,68800,18400
78,16,1,96,42688
78,16,2,43296,19712
78,16,4,63040,18752
79,17,1,96,42656
79,17,2,42784,23168
79,17,4,65984,11200
80,32,1,96,44640
80,32,2,45280,17216
80,32,4,62560,28640
81,33,1,96,43008
81,33,2,43616,22624
81,33,4,66272,27168
82,48,1,32,42080
82,48,2,42752,22944
82,48,4,65728,12832
83,49,1,64,47520
83,49,2,47712,15008
83,49,4,62784,25248
84,2,1,64,46912
84,2,2,47488,35776
84,2,4,83328,512
85,3,1,96,46432
85,3,2,47008,17280
85,3,4,64320,17952
86,18,1,96,46784
86,18,2,47520,16896
86,18,4,64448,13120
87,19,1,96,46656
87,19,2,47328,16960
87,19,4,64320,27648
88,34,1,96,45984
88,34,2,46624,34880
88,34,4,81536,4608
89,35,1,96,47232
89,35,2,47872,16576
89,35,4,64480,27648
90,50,1,64,47456
90,50,2,48000,16288
90,50,4,64320,30240
91,51,1,64,44288
91,51,2,44896,17664
91,51,4,62624,30752
92,64,1,64,42048
92,64,2,42624,21440
92,64,4,64096,17888
93,65,1,64,41152
93,65,2,41280,22400
93,65,4,63712,14976
94,78,1,64,43904
94,78,2,44512,19392
94,78,4,63936,23360
95,79,1,64,44704
95,79,2,45312,17792
95,79,4,63136,25152
96,92,1,32,45472
96,92,2,46016,22208
96,92,4,68256,11424
97,93,1,64,45888
97,93,2,46496,16544
97,93,4,63072,15136
98,106,1,64,39424
98,106,2,39520,23360
98,106,4,62912,29344
99,107,1,64,58016
99,107,2,58336,5344
99,107,4,63712,14400
100,4,1,96,35456
100,4,2,35584,28256
100,4,4,63872,16864
101,5,1,96,62080
101,5,2,62432,928
101,5,4,63392,14752
102,20,1,96,47552
102,20,2,48128,14784
102,20,4,62944,15104
103,21,1,96,45056
103,21,2,45696,17504
103,21,4,63232,16320
104,36,1,96,45632
104,36,2,45792,17472
104,36,4,63328,14912
105,37,1,96,55360
105,37,2,55584,9216
105,37,4,64832,17600
106,52,1,64,49280
106,52,2,49856,14208
106,52,4,64096,24512
107,53,1,64,49472
107,53,2,50080,16928
107,53,4,67040,11168
108,66,1,64,50464
108,66,2,51008,13600
108,66,4,64640,28544
109,67,1,96,50048
109,67,2,50784,13600
109,67,4,64448,17952
110,80,1,64,48768
110,80,2,49344,14976
110,80,4,64352,21376
111,81,1,96,49216
111,81,2,49888,15648
111,81,4,65600,12128
112,94,1,64,50848
112,94,2,51456,12864
112,94,4,64352,16384
113,95,1,64,49856
113,95,2,50432,13632
113,95,4,64096,18464
114,108,1,64,45984
114,108,2,46560,16032
114,108,4,62624,34464
115,109,1,64,46080
115,109,2,46656,19424
115,109,4,66112,17440
116,6,1,64,48000
116,6,2,48576,17600
116,6,4,66208,12672
117,7,1,96,44032
117,7,2,44640,20352
117,7,4,65024,14208
118,22,1,64,47328
118,22,2,47968,18912
118,22,4,66912,12512
119,23,1,96,48704
119,23,2,49344,17408
119,23,4,66784,21664
120,38,1,96,49280
120,38,2,49888,14400
120,38,4,64320,21152
121,39,1,96,44896
121,39,2,45568,17408
121,39,4,63008,28032
122,54,1,64,53728
122,54,2,54304,8288
122,54,4,62624,18432
123,55,1,64,53376
123,55,2,53984,10176
123,55,4,64224,16672
124,68,1,32,52928
124,68,2,53504,9792
124,68,4,63328,29120
125,69,1,64,52800
125,69,2,53376,13408
125,69,4,66816,21696
126,82,1,96,51968
126,82,2,52576,9984
126,82,4,62592,16768
127,83,1,96,51008
127,83,2,51648,12736
127,83,4,64416,28800
128,96,1,64,51488
128,96,2,52128,10272
128,96,4,62432,29376
129,97,1,32,51648
129,97,2,51904,10528
129,97,4,62464,19808
130,110,1,64,50624
130,110,2,51168,12512
130,110,4,63712,17120
131,111,1,64,50912
131,111,2,51520,14112
131,111,4,65696,27616
# D1_CASE {"case_id":"case_000009","kind":"mixed","config":{"qhead":32,"kvhead":4,"headdim":128,"tp_size":8,"dcp_size":2,"configuration_role":"formal"},"selection_status":"manually_selected","gpu":"NVIDIA H800","sm_count":132}
# D1 trace-off
method,p50_ms
critical_wave,0.537119985
fa3_native,0.640031993
vllm_a2a,0.799488008
# A2A critical_rank=3; CTA traces use rank 0; CUDA event durations overlap; do not sum all A2A rows
# A2A stages
stage,ms
q_allgather_and_reorder_ms,0.0997759998
local_history_attention_ms,0.458112001
attention_end_to_end_ms,0.82329601
local_chunk_attention_ms,0.0684479997
overlapped_ag_chunk_window_ms,0.785824001
state_merge_ms,0.0271039996
lse_allgather_correct_ms,0
output_reduce_scatter_ms,0
a2a_pack_ms,0.0289600007
a2a_all_to_all_ms,0.07632
a2a_unpack_combine_ms,0.0266559999
output_collective_ms,0.07632
sequential_ag_plus_chunk_ms,0.168223999
# TRACE method=critical_wave rank=0; relative integer ns
cta,sm,phase,start_ns,duration_ns
0,124,0,0,136192
0,124,3,136224,292800
1,125,0,32,133280
1,125,3,133344,300800
2,126,0,32,133920
2,126,3,133952,300736
3,127,0,32,134080
3,127,3,134144,287104
4,128,1,32,247744
4,128,2,247872,24288
4,128,4,272192,148064
5,129,1,64,247200
5,129,2,247360,29824
5,129,4,277216,169344
6,130,1,64,248640
6,130,2,248800,928
6,130,4,249792,174880
7,131,1,64,247936
7,131,2,248096,1056
7,131,4,249184,169824
8,10,1,64,247424
8,10,2,247584,27104
8,10,4,274720,156576
9,11,1,64,218592
9,11,2,218720,37664
9,11,4,256416,156960
10,26,1,96,248032
10,26,2,248224,992
10,26,4,249248,173856
11,27,1,64,221152
11,27,2,221312,46464
11,27,4,267840,150304
12,42,1,96,220480
12,42,2,220672,53088
12,42,4,273792,152640
13,43,1,64,215872
13,43,2,216032,38560
13,43,4,254624,157696
14,58,1,64,216256
14,58,2,216416,36256
14,58,4,252704,170432
15,59,1,64,218400
15,59,2,218560,32640
15,59,4,251264,166912
16,72,1,64,220928
16,72,2,221024,45888
16,72,4,266944,144672
17,73,1,64,249440
17,73,2,249536,864
17,73,4,250432,171552
18,86,1,64,218976
18,86,2,219136,34560
18,86,4,253728,193248
19,87,1,96,217824
19,87,2,218048,38272
19,87,4,256352,183872
20,100,1,32,248192
20,100,2,248288,960
20,100,4,249280,162528
21,101,1,32,220800
21,101,2,220928,34144
21,101,4,255104,178432
22,114,1,64,248352
22,114,2,248448,736
22,114,4,249248,179552
23,115,1,64,217184
23,115,2,217312,40864
23,115,4,258208,183520
24,12,1,96,220512
24,12,2,220704,31680
24,12,4,252416,164992
25,13,1,96,248576
25,13,2,248768,960
25,13,4,249792,178560
26,28,1,96,221504
26,28,2,221696,27808
26,28,4,249536,176512
27,29,1,96,218240
27,29,2,218432,48736
27,29,4,267200,159648
28,44,1,96,219328
28,44,2,219520,51872
28,44,4,271424,157472
29,45,1,96,218656
29,45,2,218816,38528
29,45,4,257376,155776
30,60,1,64,217504
30,60,2,217664,32352
30,60,4,250048,185760
31,61,1,64,216864
31,61,2,216960,44640
31,61,4,261632,165280
32,74,1,96,248800
32,74,2,248960,1024
32,74,4,250016,173600
33,75,1,64,247648
33,75,2,247776,32960
33,75,4,280768,158720
34,88,1,96,248160
34,88,2,248352,1024
34,88,4,249440,170176
35,89,1,96,247584
35,89,2,247776,28256
35,89,4,276064,158880
36,102,1,64,248320
36,102,2,248416,992
36,102,4,249472,170176
37,103,1,64,220416
37,103,2,220544,48640
37,103,4,269216,165408
38,116,1,64,221888
38,116,2,222048,44640
38,116,4,266720,154048
39,117,1,64,216800
39,117,2,216896,37984
39,117,4,254944,163872
40,120,1,96,221696
40,120,2,221888,50528
40,120,4,272480,148448
41,121,1,64,262944
41,121,2,263136,928
41,121,4,264096,149728
42,14,1,96,224128
42,14,2,224352,32992
42,14,4,257376,173248
43,15,1,96,225888
43,15,2,226080,47744
43,15,4,273888,155072
44,30,1,96,224288
44,30,2,224480,35776
44,30,4,260288,160256
45,31,1,96,222336
45,31,2,222528,27040
45,31,4,249632,164064
46,46,1,96,223168
46,46,2,223360,56768
46,46,4,280160,132256
47,47,1,96,222400
47,47,2,222560,46368
47,47,4,268960,143136
48,62,1,64,219104
48,62,2,219264,57248
48,62,4,276544,154240
49,63,1,96,220160
49,63,2,220320,38432
49,63,4,258784,169536
50,76,1,96,219200
50,76,2,219360,52992
50,76,4,272384,162944
51,77,1,96,219680
51,77,2,219872,30144
51,77,4,250080,168928
52,90,1,96,220288
52,90,2,220480,30624
52,90,4,251136,183424
53,91,1,128,219520
53,91,2,219744,57760
53,91,4,277536,162592
54,104,1,64,218272
54,104,2,218432,37728
54,104,4,256192,162560
55,105,1,96,217760
55,105,2,217952,52256
55,105,4,270240,165760
56,118,1,96,217600
56,118,2,217792,36992
56,118,4,254848,164064
57,119,1,96,217216
57,119,2,217376,46368
57,119,4,263776,147840
58,122,1,96,219296
58,122,2,219424,48832
58,122,4,268288,158912
59,123,1,96,218912
59,123,2,219104,52896
59,123,4,272064,140096
60,0,1,64,218464
60,0,2,218624,32736
60,0,4,251392,163200
61,1,1,64,219136
61,1,2,219328,57888
61,1,4,277248,146176
62,16,1,64,219264
62,16,2,219424,51456
62,16,4,270912,146816
63,17,1,96,218528
63,17,2,218720,34624
63,17,4,253376,159616
64,32,1,64,219424
64,32,2,219584,36448
64,32,4,256064,163744
65,33,1,64,229952
65,33,2,230112,22752
65,33,4,252896,159584
66,48,1,64,216864
66,48,2,216992,49600
66,48,4,266624,154304
67,49,1,64,220608
67,49,2,220736,52896
67,49,4,273664,160096
68,2,1,96,237696
68,2,2,237888,24992
68,2,4,262912,157056
69,3,1,96,219456
69,3,2,219584,35584
69,3,4,255200,180544
70,18,1,96,228480
70,18,2,228640,20704
70,18,4,249376,188032
71,19,1,96,232256
71,19,2,232448,26688
71,19,4,259168,180800
72,34,1,96,218176
72,34,2,218368,52640
72,34,4,271040,176096
73,35,1,96,237408
73,35,2,237536,19648
73,35,4,257248,155840
74,50,1,96,221952
74,50,2,222112,30144
74,50,4,252288,168768
75,51,1,64,221408
75,51,2,221536,55808
75,51,4,277376,150688
76,64,1,96,247840
76,64,2,248000,29312
76,64,4,277344,154272
77,65,1,64,221312
77,65,2,221408,47744
77,65,4,269184,156704
78,78,1,96,220992
78,78,2,221152,46656
78,78,4,267840,147136
79,79,1,64,221312
79,79,2,221408,33664
79,79,4,255104,159776
80,92,1,64,221088
80,92,2,221184,46240
80,92,4,267488,171488
81,93,1,64,218304
81,93,2,218400,55520
81,93,4,273952,165856
82,106,1,96,217824
82,106,2,217984,32128
82,106,4,250144,167104
83,107,1,96,218176
83,107,2,218368,52544
83,107,4,270944,163104
84,4,1,96,217472
84,4,2,217664,40384
84,4,4,258080,160448
85,5,1,96,222400
85,5,2,222528,37856
85,5,4,260416,159168
86,20,1,96,220704
86,20,2,220896,36544
86,20,4,257472,169440
87,21,1,96,215488
87,21,2,215712,39200
87,21,4,254944,158752
88,36,1,96,221440
88,36,2,221632,49664
88,36,4,271328,150880
89,37,1,96,218080
89,37,2,218240,33984
89,37,4,252256,188896
90,52,1,64,218112
90,52,2,218208,34336
90,52,4,252576,168096
91,53,1,96,217408
91,53,2,217600,49184
91,53,4,266816,169024
92,66,1,96,218496
92,66,2,218656,47808
92,66,4,266496,180608
93,67,1,64,216128
93,67,2,216320,52736
93,67,4,269088,144992
94,80,1,96,221152
94,80,2,221344,46624
94,80,4,268000,157504
95,81,1,96,220608
95,81,2,220768,53216
95,81,4,274016,153824
96,94,1,64,220544
96,94,2,220736,51104
96,94,4,271872,147104
97,95,1,96,219232
97,95,2,219360,49952
97,95,4,269376,145888
98,108,1,96,219776
98,108,2,220000,63552
98,108,4,283616,152960
99,109,1,96,220224
99,109,2,220352,52064
99,109,4,272448,147104
100,6,1,96,220512
100,6,2,220704,36512
100,6,4,257248,154560
101,7,1,96,218560
101,7,2,218720,60288
101,7,4,279040,135776
102,22,1,96,217024
102,22,2,217248,51232
102,22,4,268512,151328
103,23,1,96,217760
103,23,2,217952,52064
103,23,4,270048,154912
104,38,1,96,217792
104,38,2,217984,31904
104,38,4,249920,171712
105,39,1,96,214464
105,39,2,214656,38880
105,39,4,253600,193440
106,54,1,96,220672
106,54,2,220800,50272
106,54,4,271104,156576
107,55,1,64,214880
107,55,2,215072,52928
107,55,4,268032,168128
108,68,1,96,215520
108,68,2,215680,50752
108,68,4,266464,154752
109,69,1,96,217600
109,69,2,217824,37088
109,69,4,254944,157216
110,82,1,96,218048
110,82,2,218176,52640
110,82,4,270848,160064
111,83,1,96,217856
111,83,2,218016,52672
111,83,4,270720,144352
112,96,1,64,216640
112,96,2,216832,50464
112,96,4,267328,147552
113,97,1,64,220704
113,97,2,220832,60256
113,97,4,281120,152672
114,110,1,96,222176
114,110,2,222304,57888
114,110,4,280256,137344
115,111,1,96,221312
115,111,2,221440,56320
115,111,4,277792,158176
116,8,1,96,221504
116,8,2,221696,35776
116,8,4,257536,155968
117,9,1,96,223904
117,9,2,224096,47104
117,9,4,271232,150624
118,24,1,96,223232
118,24,2,223424,36832
118,24,4,260320,170368
119,25,1,64,221760
119,25,2,221920,33152
119,25,4,255136,166944
120,40,1,64,224320
120,40,2,224480,46432
120,40,4,270944,145408
121,41,1,64,221472
121,41,2,221664,53184
121,41,4,274880,139936
122,56,1,32,218400
122,56,2,218528,54816
122,56,4,273376,160192
123,57,1,64,219392
123,57,2,219520,52672
123,57,4,272224,155328
124,70,1,64,248096
124,70,2,248256,960
124,70,4,249248,170560
125,71,1,96,217312
125,71,2,217504,50208
125,71,4,267744,167456
126,84,1,96,221696
126,84,2,221888,57984
126,84,4,279904,141952
127,85,1,64,220000
127,85,2,220160,50848
127,85,4,271040,145312
128,98,1,32,238048
128,98,2,238176,31840
128,98,4,270048,158272
129,99,1,64,217056
129,99,2,217184,49792
129,99,4,267008,156352
130,112,1,64,231072
130,112,2,231264,22816
130,112,4,254112,166560
131,113,1,96,217632
131,113,2,217824,50240
131,113,4,268128,149632
# TRACE method=fa3_native rank=0; relative integer ns
cta,sm,phase,start_ns,duration_ns
0,124,0,0,134336
0,124,3,134368,373696
1,125,0,0,133824
1,125,3,133824,290592
2,126,0,0,131872
2,126,3,131904,293376
3,127,0,32,132960
3,127,3,133024,280736
4,128,1,32,241344
4,128,2,241472,1088
4,128,4,242592,160608
5,129,1,32,212480
5,129,2,212640,55840
5,129,4,268544,142560
6,130,1,32,241152
6,130,2,241312,1088
6,130,4,242432,192736
7,131,1,32,240672
7,131,2,240832,1184
7,131,4,242048,185664
8,10,1,32,207424
8,10,2,207584,55520
8,10,4,263136,228128
9,11,1,64,208160
9,11,2,208352,50880
9,11,4,259296,145440
10,26,1,32,208768
10,26,2,208928,54528
10,26,4,263520,139008
11,27,1,32,241696
11,27,2,241824,1152
11,27,4,243008,160896
12,42,1,32,208096
12,42,2,208224,53440
12,42,4,261696,166144
13,43,1,32,209984
13,43,2,210112,33568
13,43,4,243712,176128
14,58,1,32,212064
14,58,2,212224,57440
14,58,4,269696,156704
15,59,1,32,210016
15,59,2,210176,48096
15,59,4,258304,152192
16,72,1,32,241376
16,72,2,241536,1120
16,72,4,242688,192992
17,73,1,32,211680
17,73,2,211840,42112
17,73,4,253984,148512
18,86,1,32,207296
18,86,2,207392,51584
18,86,4,259008,159520
19,87,1,32,208768
19,87,2,208832,36224
19,87,4,245088,166272
20,100,1,32,241216
20,100,2,241312,992
20,100,4,242336,164832
21,101,1,32,240384
21,101,2,240544,1216
21,101,4,241792,164672
22,114,1,32,212096
22,114,2,212256,28704
22,114,4,240992,164928
23,115,1,32,207648
23,115,2,207776,36352
23,115,4,244160,175264
24,12,1,64,211136
24,12,2,211296,59616
24,12,4,270944,149312
25,13,1,64,211072
25,13,2,211232,45440
25,13,4,256704,154432
26,28,1,64,211200
26,28,2,211360,29920
26,28,4,241312,161440
27,29,1,64,215584
27,29,2,215680,24096
27,29,4,239808,166944
28,44,1,64,210144
28,44,2,210304,36288
28,44,4,246656,177536
29,45,1,64,211104
29,45,2,211264,44544
29,45,4,255840,163488
30,60,1,32,208544
30,60,2,208704,55968
30,60,4,264736,163904
31,61,1,32,241504
31,61,2,241632,1152
31,61,4,242848,160032
32,74,1,0,211488
32,74,2,211520,29664
32,74,4,241248,168960
33,75,1,32,208928
33,75,2,209024,38368
33,75,4,247424,154464
34,88,1,64,473632
34,88,2,473792,1056
34,88,4,474880,608
35,89,1,64,212224
35,89,2,212384,50880
35,89,4,263296,159392
36,102,1,32,240832
36,102,2,240960,1344
36,102,4,242368,163328
37,103,1,32,208416
37,103,2,208480,39072
37,103,4,247584,159392
38,116,1,32,208320
38,116,2,208480,37760
38,116,4,246272,165824
39,117,1,32,207392
39,117,2,207520,46016
39,117,4,253568,151296
40,120,1,32,208320
40,120,2,208448,39232
40,120,4,247712,176320
41,121,1,64,208320
41,121,2,208416,37952
41,121,4,246400,173376
42,14,1,64,218144
42,14,2,218240,31840
42,14,4,250144,161440
43,15,1,64,220288
43,15,2,220448,30272
43,15,4,250784,161344
44,30,1,64,258528
44,30,2,258688,960
44,30,4,259680,142624
45,31,1,64,212992
45,31,2,213184,56480
45,31,4,269696,137984
46,46,1,64,207296
46,46,2,207520,32352
46,46,4,239904,170656
47,47,1,64,207584
47,47,2,207776,38688
47,47,4,246496,157632
48,62,1,32,208256
48,62,2,208384,51520
48,62,4,259936,160288
49,63,1,64,208448
49,63,2,208576,56544
49,63,4,265152,138272
50,76,1,32,209600
50,76,2,209728,36096
50,76,4,245856,174176
51,77,1,64,208256
51,77,2,208416,50528
51,77,4,259008,167296
52,90,1,64,209248
52,90,2,209344,61344
52,90,4,270720,138624
53,91,1,32,211616
53,91,2,211808,46272
53,91,4,258144,146368
54,104,1,32,211776
54,104,2,211904,56288
54,104,4,268224,150400
55,105,1,32,212896
55,105,2,213024,33344
55,105,4,246400,157728
56,118,1,64,212992
56,118,2,213152,51680
56,118,4,264896,152480
57,119,1,32,208224
57,119,2,208288,37120
57,119,4,245440,159104
58,122,1,64,206240
58,122,2,206432,37344
58,122,4,243808,162240
59,123,1,64,206208
59,123,2,206336,65184
59,123,4,271584,149856
60,0,1,32,206176
60,0,2,206336,38944
60,0,4,245312,164896
61,1,1,32,211744
61,1,2,211904,50976
61,1,4,262912,146080
62,16,1,32,212128
62,16,2,212288,52480
62,16,4,264800,162368
63,17,1,32,212064
63,17,2,212224,50336
63,17,4,262592,139872
64,32,1,32,212352
64,32,2,212480,31616
64,32,4,244128,171840
65,33,1,64,208992
65,33,2,209152,34464
65,33,4,243648,163168
66,48,1,32,208640
66,48,2,208768,38528
66,48,4,247360,162432
67,49,1,32,232640
67,49,2,232704,27200
67,49,4,259936,163488
68,2,1,32,224832
68,2,2,224992,20256
68,2,4,245312,181312
69,3,1,64,227232
69,3,2,227424,27264
69,3,4,254720,171488
70,18,1,64,213088
70,18,2,213280,53024
70,18,4,266336,152672
71,19,1,64,223456
71,19,2,223616,20320
71,19,4,244000,165184
72,34,1,64,212448
72,34,2,212640,51328
72,34,4,264000,146400
73,35,1,64,241056
73,35,2,241248,1088
73,35,4,242368,161088
74,50,1,32,241216
74,50,2,241376,1184
74,50,4,242592,190368
75,51,1,32,241024
75,51,2,241152,1184
75,51,4,242368,184704
76,64,1,32,230112
76,64,2,230176,26240
76,64,4,256480,149568
77,65,1,64,208128
77,65,2,208320,51904
77,65,4,260288,167520
78,78,1,64,213120
78,78,2,213248,54144
78,78,4,267424,139296
79,79,1,32,208032
79,79,2,208160,35584
79,79,4,243776,166816
80,92,1,32,212608
80,92,2,212768,27008
80,92,4,239808,171904
81,93,1,32,210944
81,93,2,211104,29760
81,93,4,240896,186752
82,106,1,32,211488
82,106,2,211552,30880
82,106,4,242464,184192
83,107,1,32,210592
83,107,2,210720,30560
83,107,4,241312,160896
84,4,1,64,210592
84,4,2,210720,46464
84,4,4,257248,157472
85,5,1,64,212576
85,5,2,212768,29728
85,5,4,242560,168192
86,20,1,64,212288
86,20,2,212416,32544
86,20,4,244992,167328
87,21,1,64,211968
87,21,2,212160,59904
87,21,4,272096,146560
88,36,1,64,212672
88,36,2,212832,32288
88,36,4,245184,155936
89,37,1,32,210464
89,37,2,210592,41920
89,37,4,252544,153888
90,52,1,64,210880
90,52,2,211008,48832
90,52,4,259872,148928
91,53,1,32,210272
91,53,2,210432,36960
91,53,4,247456,163552
92,66,1,64,210304
92,66,2,210496,50144
92,66,4,260672,142752
93,67,1,64,207488
93,67,2,207680,52864
93,67,4,260576,144160
94,80,1,64,207328
94,80,2,207488,48288
94,80,4,255808,148608
95,81,1,64,212736
95,81,2,212928,29376
95,81,4,242368,169728
96,94,1,32,212288
96,94,2,212384,44224
96,94,4,256640,155712
97,95,1,32,210368
97,95,2,210528,47008
97,95,4,257600,152320
98,108,1,32,211296
98,108,2,211392,53344
98,108,4,264768,143936
99,109,1,64,211584
99,109,2,211744,59040
99,109,4,270816,151968
100,6,1,64,212864
100,6,2,213024,40480
100,6,4,253536,150400
101,7,1,64,210368
101,7,2,210560,46752
101,7,4,257344,176608
102,22,1,64,210464
102,22,2,210624,47712
102,22,4,258368,150240
103,23,1,64,210848
103,23,2,210944,40096
103,23,4,251072,152288
104,38,1,64,210528
104,38,2,210688,43424
104,38,4,254144,165120
105,39,1,64,207520
105,39,2,207712,53024
105,39,4,260768,173152
106,54,1,32,207680
106,54,2,207840,60256
106,54,4,268128,159040
107,55,1,32,211392
107,55,2,211520,40992
107,55,4,252576,173280
108,68,1,32,207552
108,68,2,207648,37504
108,68,4,245184,182464
109,69,1,32,210048
109,69,2,210208,38432
109,69,4,248704,187072
110,82,1,64,209696
110,82,2,209856,50208
110,82,4,260096,149696
111,83,1,64,209632
111,83,2,209824,52000
111,83,4,261888,164800
112,96,1,64,210336
112,96,2,210432,37856
112,96,4,248320,169440
113,97,1,32,214368
113,97,2,214464,44864
113,97,4,259360,155328
114,110,1,64,214496
114,110,2,214688,48160
114,110,4,262880,156000
115,111,1,64,214496
115,111,2,214688,28896
115,111,4,243616,170912
116,8,1,32,214208
116,8,2,214336,29600
116,8,4,243968,170144
117,9,1,32,216640
117,9,2,216800,42944
117,9,4,259776,154688
118,24,1,32,216768
118,24,2,216928,26784
118,24,4,243744,160736
119,25,1,32,216512
119,25,2,216640,33312
119,25,4,250016,155584
120,40,1,64,217664
120,40,2,217856,34560
120,40,4,252480,166624
121,41,1,64,242368
121,41,2,242528,1056
121,41,4,243648,167200
122,56,1,32,212160
122,56,2,212320,51264
122,56,4,263616,163968
123,57,1,32,206688
123,57,2,206848,60640
123,57,4,267520,141760
124,70,1,32,208224
124,70,2,208320,51840
124,70,4,260192,167328
125,71,1,32,215232
125,71,2,215392,36800
125,71,4,252224,158272
126,84,1,64,231520
126,84,2,231680,24864
126,84,4,256608,152288
127,85,1,32,211392
127,85,2,211552,44448
127,85,4,256064,161760
128,98,1,0,212032
128,98,2,212160,45600
128,98,4,257792,161376
129,99,1,32,209440
129,99,2,209568,54432
129,99,4,264032,137920
130,112,1,32,209440
130,112,2,209600,30816
130,112,4,240448,275104
131,113,1,32,224896
131,113,2,225056,33760
131,113,4,258848,146880
# PLOT_DATA_V1 END
