python setup.py build_ext --inplace
Using CUTLASS headers from: /home/hychen/min_fa3_demo/third_party/cutlass/include
Linking libcuda from driver library directory: /usr/lib/x86_64-linux-gnu
running build_ext
W0725 01:33:25.803000 3123863 .venv/lib/python3.12/site-packages/torch/utils/cpp_extension.py:535] There are no c++ version bounds defined for CUDA version 12.8
building '_min_fa3_op' extension
creating /home/hychen/min_fa3_demo/build/temp.linux-x86_64-cpython-312
creating /home/hychen/min_fa3_demo/build/temp.linux-x86_64-cpython-312/csrc/backward
creating /home/hychen/min_fa3_demo/build/temp.linux-x86_64-cpython-312/csrc/parallel
[1/16] c++ -MMD -MF /home/hychen/min_fa3_demo/build/temp.linux-x86_64-cpython-312/bindings.o.d -pthread -fno-strict-overflow -Wsign-compare -Wunreachable-code -DNDEBUG -g -O3 -Wall -O3 -fno-omit-frame-pointer -mno-omit-leaf-frame-pointer -fPIC -fPIC -I/home/hychen/min_fa3_demo/include -I/home/hychen/min_fa3_demo/include/hopper_compat -I/home/hychen/min_fa3_demo/third_party/ThunderKittens/include -I/home/hychen/min_fa3_demo/third_party/cutlass/include -I/home/hychen/min_fa3_demo/.venv/lib/python3.12/site-packages/torch/include -I/home/hychen/min_fa3_demo/.venv/lib/python3.12/site-packages/torch/include/torch/csrc/api/include -I/usr/local/cuda-12.8/include -I/home/hychen/min_fa3_demo/.venv/include -I/home/hychen/.local/share/uv/python/cpython-3.12.13-linux-x86_64-gnu/include/python3.12 -c -c /home/hychen/min_fa3_demo/bindings.cpp -o /home/hychen/min_fa3_demo/build/temp.linux-x86_64-cpython-312/bindings.o -O3 -std=c++20 -DKITTENS_SM90 -DTORCH_API_INCLUDE_EXTENSION_H -DTORCH_EXTENSION_NAME=_min_fa3_op
[2/16] /usr/local/cuda-12.8/bin/nvcc --generate-dependencies-with-compile --dependency-output /home/hychen/min_fa3_demo/build/temp.linux-x86_64-cpython-312/csrc/mega_ring_forward_ablation.o.d -I/home/hychen/min_fa3_demo/include -I/home/hychen/min_fa3_demo/include/hopper_compat -I/home/hychen/min_fa3_demo/third_party/ThunderKittens/include -I/home/hychen/min_fa3_demo/third_party/cutlass/include -I/home/hychen/min_fa3_demo/.venv/lib/python3.12/site-packages/torch/include -I/home/hychen/min_fa3_demo/.venv/lib/python3.12/site-packages/torch/include/torch/csrc/api/include -I/usr/local/cuda-12.8/include -I/home/hychen/min_fa3_demo/.venv/include -I/home/hychen/.local/share/uv/python/cpython-3.12.13-linux-x86_64-gnu/include/python3.12 -c -c /home/hychen/min_fa3_demo/csrc/mega_ring_forward_ablation.cu -o /home/hychen/min_fa3_demo/build/temp.linux-x86_64-cpython-312/csrc/mega_ring_forward_ablation.o -D__CUDA_NO_HALF_OPERATORS__ -D__CUDA_NO_HALF_CONVERSIONS__ -D__CUDA_NO_BFLOAT16_CONVERSIONS__ -D__CUDA_NO_HALF2_OPERATORS__ --expt-relaxed-constexpr --compiler-options ''"'"'-fPIC'"'"'' -O3 -std=c++20 --use_fast_math -lineinfo -diag-suppress=3189 --expt-extended-lambda -DKITTENS_SM90 -DCUTE_SM90_EXTENDED_MMA_SHAPES_ENABLED -DCUTLASS_ENABLE_GDC_FOR_SM90 -DCUTLASS_DEBUG_TRACE_LEVEL=0 -DNDEBUG -gencode arch=compute_90a,code=sm_90a -Xptxas=-v -DTORCH_API_INCLUDE_EXTENSION_H -DTORCH_EXTENSION_NAME=_min_fa3_op
FAILED: [code=2] /home/hychen/min_fa3_demo/build/temp.linux-x86_64-cpython-312/csrc/mega_ring_forward_ablation.o 
/usr/local/cuda-12.8/bin/nvcc --generate-dependencies-with-compile --dependency-output /home/hychen/min_fa3_demo/build/temp.linux-x86_64-cpython-312/csrc/mega_ring_forward_ablation.o.d -I/home/hychen/min_fa3_demo/include -I/home/hychen/min_fa3_demo/include/hopper_compat -I/home/hychen/min_fa3_demo/third_party/ThunderKittens/include -I/home/hychen/min_fa3_demo/third_party/cutlass/include -I/home/hychen/min_fa3_demo/.venv/lib/python3.12/site-packages/torch/include -I/home/hychen/min_fa3_demo/.venv/lib/python3.12/site-packages/torch/include/torch/csrc/api/include -I/usr/local/cuda-12.8/include -I/home/hychen/min_fa3_demo/.venv/include -I/home/hychen/.local/share/uv/python/cpython-3.12.13-linux-x86_64-gnu/include/python3.12 -c -c /home/hychen/min_fa3_demo/csrc/mega_ring_forward_ablation.cu -o /home/hychen/min_fa3_demo/build/temp.linux-x86_64-cpython-312/csrc/mega_ring_forward_ablation.o -D__CUDA_NO_HALF_OPERATORS__ -D__CUDA_NO_HALF_CONVERSIONS__ -D__CUDA_NO_BFLOAT16_CONVERSIONS__ -D__CUDA_NO_HALF2_OPERATORS__ --expt-relaxed-constexpr --compiler-options ''"'"'-fPIC'"'"'' -O3 -std=c++20 --use_fast_math -lineinfo -diag-suppress=3189 --expt-extended-lambda -DKITTENS_SM90 -DCUTE_SM90_EXTENDED_MMA_SHAPES_ENABLED -DCUTLASS_ENABLE_GDC_FOR_SM90 -DCUTLASS_DEBUG_TRACE_LEVEL=0 -DNDEBUG -gencode arch=compute_90a,code=sm_90a -Xptxas=-v -DTORCH_API_INCLUDE_EXTENSION_H -DTORCH_EXTENSION_NAME=_min_fa3_op
In file included from /home/hychen/min_fa3_demo/include/mega_ring_min_fa3_varlen_ring_launch.h:13,
                 from /home/hychen/min_fa3_demo/include/mega_ring_forward_ablation.h:11,
                 from /home/hychen/min_fa3_demo/csrc/mega_ring_forward_ablation.cu:4:
/home/hychen/min_fa3_demo/third_party/ThunderKittens/include/pyutils/torchutils.cuh:9: warning: "CHECK_CUDA" redefined
    9 | #define CHECK_CUDA(x) TORCH_CHECK(x.device().is_cuda(), #x " must be a CUDA tensor")
      | 
In file included from /home/hychen/min_fa3_demo/include/hopper_compat/utils.h:24,
                 from /home/hychen/min_fa3_demo/include/min_fa3_varlen_scheduler.h:15,
                 from /home/hychen/min_fa3_demo/include/mega_ring_forward_ablation_scheduler.h:8,
                 from /home/hychen/min_fa3_demo/include/mega_ring_forward_ablation.h:10,
                 from /home/hychen/min_fa3_demo/csrc/mega_ring_forward_ablation.cu:4:
/home/hychen/min_fa3_demo/include/hopper_compat/cuda_check.h:12: note: this is the location of the previous definition
   12 | #define CHECK_CUDA(call)                        \
      | 
In file included from /home/hychen/min_fa3_demo/include/mega_ring_min_fa3_varlen_ring_launch.h:13,
                 from /home/hychen/min_fa3_demo/include/mega_ring_forward_ablation.h:11,
                 from /home/hychen/min_fa3_demo/csrc/mega_ring_forward_ablation.cu:4:
/home/hychen/min_fa3_demo/third_party/ThunderKittens/include/pyutils/torchutils.cuh:9: warning: "CHECK_CUDA" redefined
    9 | #define CHECK_CUDA(x) TORCH_CHECK(x.device().is_cuda(), #x " must be a CUDA tensor")
      | 
In file included from /home/hychen/min_fa3_demo/include/hopper_compat/utils.h:24,
                 from /home/hychen/min_fa3_demo/include/min_fa3_varlen_scheduler.h:15,
                 from /home/hychen/min_fa3_demo/include/mega_ring_forward_ablation_scheduler.h:8,
                 from /home/hychen/min_fa3_demo/include/mega_ring_forward_ablation.h:10,
                 from /home/hychen/min_fa3_demo/csrc/mega_ring_forward_ablation.cu:4:
/home/hychen/min_fa3_demo/include/hopper_compat/cuda_check.h:12: note: this is the location of the previous definition
   12 | #define CHECK_CUDA(call)                        \
      | 
/home/hychen/min_fa3_demo/include/min_fa3_varlen_launch.h(171): error: identifier "CHECK_CUDA" is undefined
          CHECK_CUDA(cudaGetLastError());
          ^

/home/hychen/min_fa3_demo/include/min_fa3_varlen_launch.h(175): error: identifier "CHECK_CUDA" is undefined
      CHECK_CUDA(cudaGetDevice(&device));
      ^

/home/hychen/min_fa3_demo/include/mega_ring_min_fa3_varlen_ring_launch.h(490): error: identifier "CHECK_CUDA" is undefined
          CHECK_CUDA(cudaGetLastError());
          ^

/home/hychen/min_fa3_demo/include/mega_ring_min_fa3_varlen_ring_launch.h(494): error: identifier "CHECK_CUDA" is undefined
      CHECK_CUDA(cudaGetDevice(&device));
      ^

/home/hychen/min_fa3_demo/include/mega_ring_forward_ablation.h(411): error: identifier "CHECK_CUDA" is undefined
      CHECK_CUDA(cudaGetDevice(&device));
      ^

/home/hychen/min_fa3_demo/include/mega_ring_forward_ablation.h(460): error: identifier "CHECK_CUDA" is undefined
      CHECK_CUDA(cudaGetLastError());
      ^

/home/hychen/min_fa3_demo/include/mega_ring_forward_ablation.h(480): error: identifier "CHECK_CUDA" is undefined
          CHECK_CUDA(cudaMemsetAsync(params.tile_count_semaphore, 0, sizeof(int), stream));
          ^

/home/hychen/min_fa3_demo/csrc/mega_ring_forward_ablation.cu(39): error: identifier "CHECK_CUDA" is undefined
          CHECK_CUDA(cudaGetLastError());
          ^

/home/hychen/min_fa3_demo/csrc/mega_ring_forward_ablation.cu(43): error: identifier "CHECK_CUDA" is undefined
      CHECK_CUDA(cudaMemsetAsync(
      ^

9 errors detected in the compilation of "/home/hychen/min_fa3_demo/csrc/mega_ring_forward_ablation.cu".
[3/16] /usr/local/cuda-12.8/bin/nvcc --generate-dependencies-with-compile --dependency-output /home/hychen/min_fa3_demo/build/temp.linux-x86_64-cpython-312/csrc/backward/min_fa3_bwd_bindings.o.d -I/home/hychen/min_fa3_demo/include -I/home/hychen/min_fa3_demo/include/hopper_compat -I/home/hychen/min_fa3_demo/third_party/ThunderKittens/include -I/home/hychen/min_fa3_demo/third_party/cutlass/include -I/home/hychen/min_fa3_demo/.venv/lib/python3.12/site-packages/torch/include -I/home/hychen/min_fa3_demo/.venv/lib/python3.12/site-packages/torch/include/torch/csrc/api/include -I/usr/local/cuda-12.8/include -I/home/hychen/min_fa3_demo/.venv/include -I/home/hychen/.local/share/uv/python/cpython-3.12.13-linux-x86_64-gnu/include/python3.12 -c -c /home/hychen/min_fa3_demo/csrc/backward/min_fa3_bwd_bindings.cu -o /home/hychen/min_fa3_demo/build/temp.linux-x86_64-cpython-312/csrc/backward/min_fa3_bwd_bindings.o -D__CUDA_NO_HALF_OPERATORS__ -D__CUDA_NO_HALF_CONVERSIONS__ -D__CUDA_NO_BFLOAT16_CONVERSIONS__ -D__CUDA_NO_HALF2_OPERATORS__ --expt-relaxed-constexpr --compiler-options ''"'"'-fPIC'"'"'' -O3 -std=c++20 --use_fast_math -lineinfo -diag-suppress=3189 --expt-extended-lambda -DKITTENS_SM90 -DCUTE_SM90_EXTENDED_MMA_SHAPES_ENABLED -DCUTLASS_ENABLE_GDC_FOR_SM90 -DCUTLASS_DEBUG_TRACE_LEVEL=0 -DNDEBUG -gencode arch=compute_90a,code=sm_90a -Xptxas=-v -DTORCH_API_INCLUDE_EXTENSION_H -DTORCH_EXTENSION_NAME=_min_fa3_op
ptxas info    : 11 bytes gmem
[4/16] /usr/local/cuda-12.8/bin/nvcc --generate-dependencies-with-compile --dependency-output /home/hychen/min_fa3_demo/build/temp.linux-x86_64-cpython-312/csrc/backward/min_fa3_bwd_launch.o.d -I/home/hychen/min_fa3_demo/include -I/home/hychen/min_fa3_demo/include/hopper_compat -I/home/hychen/min_fa3_demo/third_party/ThunderKittens/include -I/home/hychen/min_fa3_demo/third_party/cutlass/include -I/home/hychen/min_fa3_demo/.venv/lib/python3.12/site-packages/torch/include -I/home/hychen/min_fa3_demo/.venv/lib/python3.12/site-packages/torch/include/torch/csrc/api/include -I/usr/local/cuda-12.8/include -I/home/hychen/min_fa3_demo/.venv/include -I/home/hychen/.local/share/uv/python/cpython-3.12.13-linux-x86_64-gnu/include/python3.12 -c -c /home/hychen/min_fa3_demo/csrc/backward/min_fa3_bwd_launch.cu -o /home/hychen/min_fa3_demo/build/temp.linux-x86_64-cpython-312/csrc/backward/min_fa3_bwd_launch.o -D__CUDA_NO_HALF_OPERATORS__ -D__CUDA_NO_HALF_CONVERSIONS__ -D__CUDA_NO_BFLOAT16_CONVERSIONS__ -D__CUDA_NO_HALF2_OPERATORS__ --expt-relaxed-constexpr --compiler-options ''"'"'-fPIC'"'"'' -O3 -std=c++20 --use_fast_math -lineinfo -diag-suppress=3189 --expt-extended-lambda -DKITTENS_SM90 -DCUTE_SM90_EXTENDED_MMA_SHAPES_ENABLED -DCUTLASS_ENABLE_GDC_FOR_SM90 -DCUTLASS_DEBUG_TRACE_LEVEL=0 -DNDEBUG -gencode arch=compute_90a,code=sm_90a -Xptxas=-v -DTORCH_API_INCLUDE_EXTENSION_H -DTORCH_EXTENSION_NAME=_min_fa3_op
ptxas info    : 13 bytes gmem
ptxas info    : Compiling entry function '_ZN16min_fa3_backward31mega_ring_flash_attn_bwd_kernelIN5flash11enable_sm90INS1_16FlashAttnBwdSm90INS1_25CollectiveMainloopBwdSm90ILi2ELi2ELi2EN4cute5tupleIJNS5_1CILi1EEES8_S8_EEENS6_IJNS7_ILi64EEENS7_ILi128EEESB_EEEN7cutlass10bfloat16_tEfNSD_4arch4Sm90ELb1ELb0ELb0ELb1ELb0ELb1ELb0ELb0ELi2ELi1ELi2ELi1ELb0ELb1EEENS1_24CollectiveEpilogueBwdGQAISC_fSG_Li256ELb1ELb0EEENS1_33MegaRingSingleTileBwdLPTSchedulerILb1ELi128ELi256EEEEEEELi8EEEvNS_23MegaRingBwdKernelParamsIT_XT0_EEE' for 'sm_90a'
ptxas info    : Function properties for _ZN16min_fa3_backward31mega_ring_flash_attn_bwd_kernelIN5flash11enable_sm90INS1_16FlashAttnBwdSm90INS1_25CollectiveMainloopBwdSm90ILi2ELi2ELi2EN4cute5tupleIJNS5_1CILi1EEES8_S8_EEENS6_IJNS7_ILi64EEENS7_ILi128EEESB_EEEN7cutlass10bfloat16_tEfNSD_4arch4Sm90ELb1ELb0ELb0ELb1ELb0ELb1ELb0ELb0ELi2ELi1ELi2ELi1ELb0ELb1EEENS1_24CollectiveEpilogueBwdGQAISC_fSG_Li256ELb1ELb0EEENS1_33MegaRingSingleTileBwdLPTSchedulerILb1ELi128ELi256EEEEEEELi8EEEvNS_23MegaRingBwdKernelParamsIT_XT0_EEE
    24 bytes stack frame, 28 bytes spill stores, 32 bytes spill loads
ptxas info    : Used 168 registers, used 16 barriers, 24 bytes cumulative stack size, 256 bytes smem
ptxas info    : Compile time = 508.722 ms
ptxas info    : Compiling entry function '_ZN16min_fa3_backward31mega_ring_flash_attn_bwd_kernelIN5flash11enable_sm90INS1_16FlashAttnBwdSm90INS1_25CollectiveMainloopBwdSm90ILi2ELi2ELi2EN4cute5tupleIJNS5_1CILi1EEES8_S8_EEENS6_IJNS7_ILi64EEENS7_ILi128EEESB_EEEN7cutlass10bfloat16_tEfNSD_4arch4Sm90ELb1ELb0ELb0ELb1ELb0ELb1ELb0ELb0ELi2ELi1ELi2ELi1ELb0ELb1EEENS1_24CollectiveEpilogueBwdGQAISC_fSG_Li256ELb1ELb0EEENS1_33MegaRingSingleTileBwdLPTSchedulerILb1ELi128ELi256EEEEEEELi7EEEvNS_23MegaRingBwdKernelParamsIT_XT0_EEE' for 'sm_90a'
ptxas info    : Function properties for _ZN16min_fa3_backward31mega_ring_flash_attn_bwd_kernelIN5flash11enable_sm90INS1_16FlashAttnBwdSm90INS1_25CollectiveMainloopBwdSm90ILi2ELi2ELi2EN4cute5tupleIJNS5_1CILi1EEES8_S8_EEENS6_IJNS7_ILi64EEENS7_ILi128EEESB_EEEN7cutlass10bfloat16_tEfNSD_4arch4Sm90ELb1ELb0ELb0ELb1ELb0ELb1ELb0ELb0ELi2ELi1ELi2ELi1ELb0ELb1EEENS1_24CollectiveEpilogueBwdGQAISC_fSG_Li256ELb1ELb0EEENS1_33MegaRingSingleTileBwdLPTSchedulerILb1ELi128ELi256EEEEEEELi7EEEvNS_23MegaRingBwdKernelParamsIT_XT0_EEE
    24 bytes stack frame, 28 bytes spill stores, 32 bytes spill loads
ptxas info    : Used 168 registers, used 16 barriers, 24 bytes cumulative stack size, 256 bytes smem
ptxas info    : Compile time = 494.257 ms
ptxas info    : Compiling entry function '_ZN16min_fa3_backward31mega_ring_flash_attn_bwd_kernelIN5flash11enable_sm90INS1_16FlashAttnBwdSm90INS1_25CollectiveMainloopBwdSm90ILi2ELi2ELi2EN4cute5tupleIJNS5_1CILi1EEES8_S8_EEENS6_IJNS7_ILi64EEENS7_ILi128EEESB_EEEN7cutlass10bfloat16_tEfNSD_4arch4Sm90ELb1ELb0ELb0ELb1ELb0ELb1ELb0ELb0ELi2ELi1ELi2ELi1ELb0ELb1EEENS1_24CollectiveEpilogueBwdGQAISC_fSG_Li256ELb1ELb0EEENS1_33MegaRingSingleTileBwdLPTSchedulerILb1ELi128ELi256EEEEEEELi6EEEvNS_23MegaRingBwdKernelParamsIT_XT0_EEE' for 'sm_90a'
ptxas info    : Function properties for _ZN16min_fa3_backward31mega_ring_flash_attn_bwd_kernelIN5flash11enable_sm90INS1_16FlashAttnBwdSm90INS1_25CollectiveMainloopBwdSm90ILi2ELi2ELi2EN4cute5tupleIJNS5_1CILi1EEES8_S8_EEENS6_IJNS7_ILi64EEENS7_ILi128EEESB_EEEN7cutlass10bfloat16_tEfNSD_4arch4Sm90ELb1ELb0ELb0ELb1ELb0ELb1ELb0ELb0ELi2ELi1ELi2ELi1ELb0ELb1EEENS1_24CollectiveEpilogueBwdGQAISC_fSG_Li256ELb1ELb0EEENS1_33MegaRingSingleTileBwdLPTSchedulerILb1ELi128ELi256EEEEEEELi6EEEvNS_23MegaRingBwdKernelParamsIT_XT0_EEE
    24 bytes stack frame, 28 bytes spill stores, 32 bytes spill loads
ptxas info    : Used 168 registers, used 16 barriers, 24 bytes cumulative stack size, 256 bytes smem
ptxas info    : Compile time = 478.170 ms
ptxas info    : Compiling entry function '_ZN16min_fa3_backward31mega_ring_flash_attn_bwd_kernelIN5flash11enable_sm90INS1_16FlashAttnBwdSm90INS1_25CollectiveMainloopBwdSm90ILi2ELi2ELi2EN4cute5tupleIJNS5_1CILi1EEES8_S8_EEENS6_IJNS7_ILi64EEENS7_ILi128EEESB_EEEN7cutlass10bfloat16_tEfNSD_4arch4Sm90ELb1ELb0ELb0ELb1ELb0ELb1ELb0ELb0ELi2ELi1ELi2ELi1ELb0ELb1EEENS1_24CollectiveEpilogueBwdGQAISC_fSG_Li256ELb1ELb0EEENS1_33MegaRingSingleTileBwdLPTSchedulerILb1ELi128ELi256EEEEEEELi5EEEvNS_23MegaRingBwdKernelParamsIT_XT0_EEE' for 'sm_90a'
ptxas info    : Function properties for _ZN16min_fa3_backward31mega_ring_flash_attn_bwd_kernelIN5flash11enable_sm90INS1_16FlashAttnBwdSm90INS1_25CollectiveMainloopBwdSm90ILi2ELi2ELi2EN4cute5tupleIJNS5_1CILi1EEES8_S8_EEENS6_IJNS7_ILi64EEENS7_ILi128EEESB_EEEN7cutlass10bfloat16_tEfNSD_4arch4Sm90ELb1ELb0ELb0ELb1ELb0ELb1ELb0ELb0ELi2ELi1ELi2ELi1ELb0ELb1EEENS1_24CollectiveEpilogueBwdGQAISC_fSG_Li256ELb1ELb0EEENS1_33MegaRingSingleTileBwdLPTSchedulerILb1ELi128ELi256EEEEEEELi5EEEvNS_23MegaRingBwdKernelParamsIT_XT0_EEE
    24 bytes stack frame, 28 bytes spill stores, 32 bytes spill loads
ptxas info    : Used 168 registers, used 16 barriers, 24 bytes cumulative stack size, 256 bytes smem
ptxas info    : Compile time = 477.518 ms
ptxas info    : Compiling entry function '_ZN16min_fa3_backward31mega_ring_flash_attn_bwd_kernelIN5flash11enable_sm90INS1_16FlashAttnBwdSm90INS1_25CollectiveMainloopBwdSm90ILi2ELi2ELi2EN4cute5tupleIJNS5_1CILi1EEES8_S8_EEENS6_IJNS7_ILi64EEENS7_ILi128EEESB_EEEN7cutlass10bfloat16_tEfNSD_4arch4Sm90ELb1ELb0ELb0ELb1ELb0ELb1ELb0ELb0ELi2ELi1ELi2ELi1ELb0ELb1EEENS1_24CollectiveEpilogueBwdGQAISC_fSG_Li256ELb1ELb0EEENS1_33MegaRingSingleTileBwdLPTSchedulerILb1ELi128ELi256EEEEEEELi4EEEvNS_23MegaRingBwdKernelParamsIT_XT0_EEE' for 'sm_90a'
ptxas info    : Function properties for _ZN16min_fa3_backward31mega_ring_flash_attn_bwd_kernelIN5flash11enable_sm90INS1_16FlashAttnBwdSm90INS1_25CollectiveMainloopBwdSm90ILi2ELi2ELi2EN4cute5tupleIJNS5_1CILi1EEES8_S8_EEENS6_IJNS7_ILi64EEENS7_ILi128EEESB_EEEN7cutlass10bfloat16_tEfNSD_4arch4Sm90ELb1ELb0ELb0ELb1ELb0ELb1ELb0ELb0ELi2ELi1ELi2ELi1ELb0ELb1EEENS1_24CollectiveEpilogueBwdGQAISC_fSG_Li256ELb1ELb0EEENS1_33MegaRingSingleTileBwdLPTSchedulerILb1ELi128ELi256EEEEEEELi4EEEvNS_23MegaRingBwdKernelParamsIT_XT0_EEE
    24 bytes stack frame, 28 bytes spill stores, 32 bytes spill loads
ptxas info    : Used 168 registers, used 16 barriers, 24 bytes cumulative stack size, 256 bytes smem
ptxas info    : Compile time = 477.367 ms
ptxas info    : Compiling entry function '_ZN16min_fa3_backward31mega_ring_flash_attn_bwd_kernelIN5flash11enable_sm90INS1_16FlashAttnBwdSm90INS1_25CollectiveMainloopBwdSm90ILi2ELi2ELi2EN4cute5tupleIJNS5_1CILi1EEES8_S8_EEENS6_IJNS7_ILi64EEENS7_ILi128EEESB_EEEN7cutlass10bfloat16_tEfNSD_4arch4Sm90ELb1ELb0ELb0ELb1ELb0ELb1ELb0ELb0ELi2ELi1ELi2ELi1ELb0ELb1EEENS1_24CollectiveEpilogueBwdGQAISC_fSG_Li256ELb1ELb0EEENS1_33MegaRingSingleTileBwdLPTSchedulerILb1ELi128ELi256EEEEEEELi3EEEvNS_23MegaRingBwdKernelParamsIT_XT0_EEE' for 'sm_90a'
ptxas info    : Function properties for _ZN16min_fa3_backward31mega_ring_flash_attn_bwd_kernelIN5flash11enable_sm90INS1_16FlashAttnBwdSm90INS1_25CollectiveMainloopBwdSm90ILi2ELi2ELi2EN4cute5tupleIJNS5_1CILi1EEES8_S8_EEENS6_IJNS7_ILi64EEENS7_ILi128EEESB_EEEN7cutlass10bfloat16_tEfNSD_4arch4Sm90ELb1ELb0ELb0ELb1ELb0ELb1ELb0ELb0ELi2ELi1ELi2ELi1ELb0ELb1EEENS1_24CollectiveEpilogueBwdGQAISC_fSG_Li256ELb1ELb0EEENS1_33MegaRingSingleTileBwdLPTSchedulerILb1ELi128ELi256EEEEEEELi3EEEvNS_23MegaRingBwdKernelParamsIT_XT0_EEE
    24 bytes stack frame, 28 bytes spill stores, 32 bytes spill loads
ptxas info    : Used 168 registers, used 16 barriers, 24 bytes cumulative stack size, 256 bytes smem
ptxas info    : Compile time = 478.308 ms
ptxas info    : Compiling entry function '_ZN16min_fa3_backward31mega_ring_flash_attn_bwd_kernelIN5flash11enable_sm90INS1_16FlashAttnBwdSm90INS1_25CollectiveMainloopBwdSm90ILi2ELi2ELi2EN4cute5tupleIJNS5_1CILi1EEES8_S8_EEENS6_IJNS7_ILi64EEENS7_ILi128EEESB_EEEN7cutlass10bfloat16_tEfNSD_4arch4Sm90ELb1ELb0ELb0ELb1ELb0ELb1ELb0ELb0ELi2ELi1ELi2ELi1ELb0ELb1EEENS1_24CollectiveEpilogueBwdGQAISC_fSG_Li256ELb1ELb0EEENS1_33MegaRingSingleTileBwdLPTSchedulerILb1ELi128ELi256EEEEEEELi2EEEvNS_23MegaRingBwdKernelParamsIT_XT0_EEE' for 'sm_90a'
ptxas info    : Function properties for _ZN16min_fa3_backward31mega_ring_flash_attn_bwd_kernelIN5flash11enable_sm90INS1_16FlashAttnBwdSm90INS1_25CollectiveMainloopBwdSm90ILi2ELi2ELi2EN4cute5tupleIJNS5_1CILi1EEES8_S8_EEENS6_IJNS7_ILi64EEENS7_ILi128EEESB_EEEN7cutlass10bfloat16_tEfNSD_4arch4Sm90ELb1ELb0ELb0ELb1ELb0ELb1ELb0ELb0ELi2ELi1ELi2ELi1ELb0ELb1EEENS1_24CollectiveEpilogueBwdGQAISC_fSG_Li256ELb1ELb0EEENS1_33MegaRingSingleTileBwdLPTSchedulerILb1ELi128ELi256EEEEEEELi2EEEvNS_23MegaRingBwdKernelParamsIT_XT0_EEE
    24 bytes stack frame, 28 bytes spill stores, 32 bytes spill loads
ptxas info    : Used 168 registers, used 16 barriers, 24 bytes cumulative stack size, 256 bytes smem
ptxas info    : Compile time = 476.875 ms
ptxas info    : Compiling entry function '_ZN16min_fa3_backward31mega_ring_flash_attn_bwd_kernelIN5flash11enable_sm90INS1_16FlashAttnBwdSm90INS1_25CollectiveMainloopBwdSm90ILi2ELi2ELi2EN4cute5tupleIJNS5_1CILi1EEES8_S8_EEENS6_IJNS7_ILi64EEENS7_ILi128EEESB_EEEN7cutlass10bfloat16_tEfNSD_4arch4Sm90ELb1ELb0ELb0ELb1ELb0ELb1ELb0ELb0ELi2ELi1ELi2ELi1ELb0ELb1EEENS1_24CollectiveEpilogueBwdGQAISC_fSG_Li256ELb1ELb0EEENS1_33MegaRingSingleTileBwdLPTSchedulerILb1ELi128ELi256EEEEEEELi1EEEvNS_23MegaRingBwdKernelParamsIT_XT0_EEE' for 'sm_90a'
ptxas info    : Function properties for _ZN16min_fa3_backward31mega_ring_flash_attn_bwd_kernelIN5flash11enable_sm90INS1_16FlashAttnBwdSm90INS1_25CollectiveMainloopBwdSm90ILi2ELi2ELi2EN4cute5tupleIJNS5_1CILi1EEES8_S8_EEENS6_IJNS7_ILi64EEENS7_ILi128EEESB_EEEN7cutlass10bfloat16_tEfNSD_4arch4Sm90ELb1ELb0ELb0ELb1ELb0ELb1ELb0ELb0ELi2ELi1ELi2ELi1ELb0ELb1EEENS1_24CollectiveEpilogueBwdGQAISC_fSG_Li256ELb1ELb0EEENS1_33MegaRingSingleTileBwdLPTSchedulerILb1ELi128ELi256EEEEEEELi1EEEvNS_23MegaRingBwdKernelParamsIT_XT0_EEE
    24 bytes stack frame, 28 bytes spill stores, 32 bytes spill loads
ptxas info    : Used 168 registers, used 16 barriers, 24 bytes cumulative stack size, 256 bytes smem
ptxas info    : Compile time = 477.180 ms
ptxas info    : Compiling entry function '_ZN16min_fa3_backward33mega_ring_bwd_wait_for_completionEPKii' for 'sm_90a'
ptxas info    : Function properties for _ZN16min_fa3_backward33mega_ring_bwd_wait_for_completionEPKii
    0 bytes stack frame, 0 bytes spill stores, 0 bytes spill loads
ptxas info    : Used 8 registers, used 0 barriers
ptxas info    : Compile time = 1.062 ms
ptxas info    : Compiling entry function '_ZN7cutlass13device_kernelIN5flash32FlashAttnBwdPostprocessConvertdQIN4cute5tupleIJNS3_1CILi128EEES6_EEENS_10bfloat16_tEfNS_4arch4Sm90ELi256ENS3_8TiledMMAINS3_8MMA_AtomIJNS3_4SM904GMMA28MMA_64x128x16_F32BF16BF16_RSILNSE_5MajorE0ELSG_1ELNSE_7ScaleInE1ELSH_1EEEEEENS3_6LayoutINS4_IJNS5_ILi2EEENS5_ILi1EEESM_EEENS4_IJSM_NS5_ILi0EEESO_EEEEENS4_IJNS3_10UnderscoreESR_SR_EEEEELb0EEEEEvNT_6ParamsE' for 'sm_90a'
ptxas info    : Function properties for _ZN7cutlass13device_kernelIN5flash32FlashAttnBwdPostprocessConvertdQIN4cute5tupleIJNS3_1CILi128EEES6_EEENS_10bfloat16_tEfNS_4arch4Sm90ELi256ENS3_8TiledMMAINS3_8MMA_AtomIJNS3_4SM904GMMA28MMA_64x128x16_F32BF16BF16_RSILNSE_5MajorE0ELSG_1ELNSE_7ScaleInE1ELSH_1EEEEEENS3_6LayoutINS4_IJNS5_ILi2EEENS5_ILi1EEESM_EEENS4_IJSM_NS5_ILi0EEESO_EEEEENS4_IJNS3_10UnderscoreESR_SR_EEEEELb0EEEEEvNT_6ParamsE
    0 bytes stack frame, 0 bytes spill stores, 0 bytes spill loads
ptxas info    : Used 88 registers, used 1 barriers
ptxas info    : Compile time = 12.976 ms
ptxas info    : Compiling entry function '_ZN7cutlass13device_kernelIN5flash32FlashAttnBwdPostprocessConvertdQIN4cute5tupleIJNS3_1CILi64EEENS5_ILi128EEEEEENS_10bfloat16_tEfNS_4arch4Sm90ELi256ENS3_8TiledMMAINS3_8MMA_AtomIJNS3_4SM904GMMA27MMA_64x64x16_F32BF16BF16_SSILNSF_5MajorE0ELSH_1ELNSF_7ScaleInE1ELSI_1EEEEEENS3_6LayoutINS4_IJNS5_ILi1EEENS5_ILi2EEESM_EEENS4_IJNS5_ILi0EEESM_SP_EEEEENS4_IJNS3_10UnderscoreESS_SS_EEEEELb0EEEEEvNT_6ParamsE' for 'sm_90a'
ptxas info    : Function properties for _ZN7cutlass13device_kernelIN5flash32FlashAttnBwdPostprocessConvertdQIN4cute5tupleIJNS3_1CILi64EEENS5_ILi128EEEEEENS_10bfloat16_tEfNS_4arch4Sm90ELi256ENS3_8TiledMMAINS3_8MMA_AtomIJNS3_4SM904GMMA27MMA_64x64x16_F32BF16BF16_SSILNSF_5MajorE0ELSH_1ELNSF_7ScaleInE1ELSI_1EEEEEENS3_6LayoutINS4_IJNS5_ILi1EEENS5_ILi2EEESM_EEENS4_IJNS5_ILi0EEESM_SP_EEEEENS4_IJNS3_10UnderscoreESS_SS_EEEEELb0EEEEEvNT_6ParamsE
    0 bytes stack frame, 0 bytes spill stores, 0 bytes spill loads
ptxas info    : Used 56 registers, used 1 barriers
ptxas info    : Compile time = 9.149 ms
ptxas info    : Compiling entry function '_ZN7cutlass13device_kernelIN5flash22FlashAttnBwdPreprocessIN4cute5tupleIJNS3_1CILi64EEENS5_ILi128EEEEEENS_10bfloat16_tEfNS_4arch4Sm90ELb1ELb1EEEEEvNT_6ParamsE' for 'sm_90a'
ptxas info    : Function properties for _ZN7cutlass13device_kernelIN5flash22FlashAttnBwdPreprocessIN4cute5tupleIJNS3_1CILi64EEENS5_ILi128EEEEEENS_10bfloat16_tEfNS_4arch4Sm90ELb1ELb1EEEEEvNT_6ParamsE
    0 bytes stack frame, 0 bytes spill stores, 0 bytes spill loads
ptxas info    : Used 64 registers, used 0 barriers
ptxas info    : Compile time = 13.767 ms
[5/16] /usr/local/cuda-12.8/bin/nvcc --generate-dependencies-with-compile --dependency-output /home/hychen/min_fa3_demo/build/temp.linux-x86_64-cpython-312/csrc/backward/min_fa3_bwd_kernel.o.d -I/home/hychen/min_fa3_demo/include -I/home/hychen/min_fa3_demo/include/hopper_compat -I/home/hychen/min_fa3_demo/third_party/ThunderKittens/include -I/home/hychen/min_fa3_demo/third_party/cutlass/include -I/home/hychen/min_fa3_demo/.venv/lib/python3.12/site-packages/torch/include -I/home/hychen/min_fa3_demo/.venv/lib/python3.12/site-packages/torch/include/torch/csrc/api/include -I/usr/local/cuda-12.8/include -I/home/hychen/min_fa3_demo/.venv/include -I/home/hychen/.local/share/uv/python/cpython-3.12.13-linux-x86_64-gnu/include/python3.12 -c -c /home/hychen/min_fa3_demo/csrc/backward/min_fa3_bwd_kernel.cu -o /home/hychen/min_fa3_demo/build/temp.linux-x86_64-cpython-312/csrc/backward/min_fa3_bwd_kernel.o -D__CUDA_NO_HALF_OPERATORS__ -D__CUDA_NO_HALF_CONVERSIONS__ -D__CUDA_NO_BFLOAT16_CONVERSIONS__ -D__CUDA_NO_HALF2_OPERATORS__ --expt-relaxed-constexpr --compiler-options ''"'"'-fPIC'"'"'' -O3 -std=c++20 --use_fast_math -lineinfo -diag-suppress=3189 --expt-extended-lambda -DKITTENS_SM90 -DCUTE_SM90_EXTENDED_MMA_SHAPES_ENABLED -DCUTLASS_ENABLE_GDC_FOR_SM90 -DCUTLASS_DEBUG_TRACE_LEVEL=0 -DNDEBUG -gencode arch=compute_90a,code=sm_90a -Xptxas=-v -DTORCH_API_INCLUDE_EXTENSION_H -DTORCH_EXTENSION_NAME=_min_fa3_op
ptxas info    : 13 bytes gmem
ptxas info    : Compiling entry function '_ZN16min_fa3_backward33mega_ring_bwd_wait_for_completionEPKii' for 'sm_90a'
ptxas info    : Function properties for _ZN16min_fa3_backward33mega_ring_bwd_wait_for_completionEPKii
    0 bytes stack frame, 0 bytes spill stores, 0 bytes spill loads
ptxas info    : Used 8 registers, used 0 barriers
ptxas info    : Compile time = 2.242 ms
ptxas info    : Compiling entry function '_ZN7cutlass13device_kernelIN5flash11enable_sm90INS1_16FlashAttnBwdSm90INS1_25CollectiveMainloopBwdSm90ILi2ELi2ELi2EN4cute5tupleIJNS5_1CILi1EEES8_S8_EEENS6_IJNS7_ILi64EEENS7_ILi128EEESB_EEENS_10bfloat16_tEfNS_4arch4Sm90ELb1ELb0ELb0ELb0ELb0ELb1ELb0ELb0ELi2ELi1ELi2ELi1ELb0ELb0EEENS1_21CollectiveEpilogueBwdISC_SD_SF_Li256ELb0ELb0ELi1EEENS1_25SingleTileBwdLPTSchedulerILb0ELi128ELb0ELb1ELi256EEEEEEEEEvNT_6ParamsE' for 'sm_90a'
ptxas info    : Function properties for _ZN7cutlass13device_kernelIN5flash11enable_sm90INS1_16FlashAttnBwdSm90INS1_25CollectiveMainloopBwdSm90ILi2ELi2ELi2EN4cute5tupleIJNS5_1CILi1EEES8_S8_EEENS6_IJNS7_ILi64EEENS7_ILi128EEESB_EEENS_10bfloat16_tEfNS_4arch4Sm90ELb1ELb0ELb0ELb0ELb0ELb1ELb0ELb0ELi2ELi1ELi2ELi1ELb0ELb0EEENS1_21CollectiveEpilogueBwdISC_SD_SF_Li256ELb0ELb0ELi1EEENS1_25SingleTileBwdLPTSchedulerILb0ELi128ELb0ELb1ELi256EEEEEEEEEvNT_6ParamsE
    24 bytes stack frame, 32 bytes spill stores, 36 bytes spill loads
ptxas info    : Used 168 registers, used 16 barriers, 24 bytes cumulative stack size
ptxas info    : Compile time = 185.378 ms
ptxas info    : Compiling entry function '_ZN7cutlass13device_kernelIN5flash11enable_sm90INS1_16FlashAttnBwdSm90INS1_25CollectiveMainloopBwdSm90ILi2ELi2ELi2EN4cute5tupleIJNS5_1CILi1EEES8_S8_EEENS6_IJNS7_ILi64EEENS7_ILi128EEESB_EEENS_10bfloat16_tEfNS_4arch4Sm90ELb1ELb0ELb0ELb0ELb1ELb1ELb0ELb0ELi2ELi1ELi2ELi1ELb0ELb0EEENS1_21CollectiveEpilogueBwdISC_SD_SF_Li256ELb0ELb0ELi1EEENS1_25SingleTileBwdLPTSchedulerILb0ELi128ELb1ELb0ELi256EEEEEEEEEvNT_6ParamsE' for 'sm_90a'
ptxas info    : Function properties for _ZN7cutlass13device_kernelIN5flash11enable_sm90INS1_16FlashAttnBwdSm90INS1_25CollectiveMainloopBwdSm90ILi2ELi2ELi2EN4cute5tupleIJNS5_1CILi1EEES8_S8_EEENS6_IJNS7_ILi64EEENS7_ILi128EEESB_EEENS_10bfloat16_tEfNS_4arch4Sm90ELb1ELb0ELb0ELb0ELb1ELb1ELb0ELb0ELi2ELi1ELi2ELi1ELb0ELb0EEENS1_21CollectiveEpilogueBwdISC_SD_SF_Li256ELb0ELb0ELi1EEENS1_25SingleTileBwdLPTSchedulerILb0ELi128ELb1ELb0ELi256EEEEEEEEEvNT_6ParamsE
    8 bytes stack frame, 4 bytes spill stores, 4 bytes spill loads
ptxas info    : Used 168 registers, used 16 barriers, 8 bytes cumulative stack size
ptxas info    : Compile time = 164.522 ms
ptxas info    : Compiling entry function '_ZN7cutlass13device_kernelIN5flash11enable_sm90INS1_16FlashAttnBwdSm90INS1_25CollectiveMainloopBwdSm90ILi2ELi2ELi2EN4cute5tupleIJNS5_1CILi1EEES8_S8_EEENS6_IJNS7_ILi64EEENS7_ILi128EEESB_EEENS_10bfloat16_tEfNS_4arch4Sm90ELb1ELb0ELb0ELb0ELb0ELb1ELb0ELb0ELi2ELi1ELi2ELi1ELb0ELb0EEENS1_24CollectiveEpilogueBwdGQAISC_fSF_Li256ELb0ELb0EEENS1_25SingleTileBwdLPTSchedulerILb0ELi128ELb0ELb1ELi256EEEEEEEEEvNT_6ParamsE' for 'sm_90a'
ptxas info    : Function properties for _ZN7cutlass13device_kernelIN5flash11enable_sm90INS1_16FlashAttnBwdSm90INS1_25CollectiveMainloopBwdSm90ILi2ELi2ELi2EN4cute5tupleIJNS5_1CILi1EEES8_S8_EEENS6_IJNS7_ILi64EEENS7_ILi128EEESB_EEENS_10bfloat16_tEfNS_4arch4Sm90ELb1ELb0ELb0ELb0ELb0ELb1ELb0ELb0ELi2ELi1ELi2ELi1ELb0ELb0EEENS1_24CollectiveEpilogueBwdGQAISC_fSF_Li256ELb0ELb0EEENS1_25SingleTileBwdLPTSchedulerILb0ELi128ELb0ELb1ELi256EEEEEEEEEvNT_6ParamsE
    24 bytes stack frame, 32 bytes spill stores, 36 bytes spill loads
ptxas info    : Used 168 registers, used 16 barriers, 24 bytes cumulative stack size
ptxas info    : Compile time = 165.354 ms
ptxas info    : Compiling entry function '_ZN7cutlass13device_kernelIN5flash11enable_sm90INS1_16FlashAttnBwdSm90INS1_25CollectiveMainloopBwdSm90ILi2ELi2ELi2EN4cute5tupleIJNS5_1CILi1EEES8_S8_EEENS6_IJNS7_ILi64EEENS7_ILi128EEESB_EEENS_10bfloat16_tEfNS_4arch4Sm90ELb1ELb0ELb0ELb0ELb1ELb1ELb0ELb0ELi2ELi1ELi2ELi1ELb0ELb0EEENS1_24CollectiveEpilogueBwdGQAISC_fSF_Li256ELb0ELb1EEENS1_25SingleTileBwdLPTSchedulerILb0ELi128ELb1ELb0ELi256EEEEEEEEEvNT_6ParamsE' for 'sm_90a'
ptxas info    : Function properties for _ZN7cutlass13device_kernelIN5flash11enable_sm90INS1_16FlashAttnBwdSm90INS1_25CollectiveMainloopBwdSm90ILi2ELi2ELi2EN4cute5tupleIJNS5_1CILi1EEES8_S8_EEENS6_IJNS7_ILi64EEENS7_ILi128EEESB_EEENS_10bfloat16_tEfNS_4arch4Sm90ELb1ELb0ELb0ELb0ELb1ELb1ELb0ELb0ELi2ELi1ELi2ELi1ELb0ELb0EEENS1_24CollectiveEpilogueBwdGQAISC_fSF_Li256ELb0ELb1EEENS1_25SingleTileBwdLPTSchedulerILb0ELi128ELb1ELb0ELi256EEEEEEEEEvNT_6ParamsE
    8 bytes stack frame, 4 bytes spill stores, 4 bytes spill loads
ptxas info    : Used 168 registers, used 16 barriers, 8 bytes cumulative stack size
ptxas info    : Compile time = 155.755 ms
ptxas info    : Compiling entry function '_ZN7cutlass13device_kernelIN5flash22FlashAttnBwdPreprocessIN4cute5tupleIJNS3_1CILi64EEENS5_ILi128EEEEEENS_10bfloat16_tEfNS_4arch4Sm90ELb1ELb0EEEEEvNT_6ParamsE' for 'sm_90a'
ptxas info    : Function properties for _ZN7cutlass13device_kernelIN5flash22FlashAttnBwdPreprocessIN4cute5tupleIJNS3_1CILi64EEENS5_ILi128EEEEEENS_10bfloat16_tEfNS_4arch4Sm90ELb1ELb0EEEEEvNT_6ParamsE
    0 bytes stack frame, 0 bytes spill stores, 0 bytes spill loads
ptxas info    : Used 64 registers, used 0 barriers
ptxas info    : Compile time = 12.065 ms
ptxas info    : Compiling entry function '_ZN7cutlass13device_kernelIN5flash11enable_sm90INS1_16FlashAttnBwdSm90INS1_25CollectiveMainloopBwdSm90ILi2ELi2ELi2EN4cute5tupleIJNS5_1CILi1EEES8_S8_EEENS6_IJNS7_ILi64EEENS7_ILi128EEESB_EEENS_10bfloat16_tEfNS_4arch4Sm90ELb1ELb0ELb0ELb1ELb0ELb1ELb0ELb0ELi2ELi1ELi2ELi1ELb0ELb0EEENS1_21CollectiveEpilogueBwdISC_SD_SF_Li256ELb1ELb0ELi1EEENS1_25SingleTileBwdLPTSchedulerILb1ELi128ELb0ELb1ELi256EEEEEEEEEvNT_6ParamsE' for 'sm_90a'
ptxas info    : Function properties for _ZN7cutlass13device_kernelIN5flash11enable_sm90INS1_16FlashAttnBwdSm90INS1_25CollectiveMainloopBwdSm90ILi2ELi2ELi2EN4cute5tupleIJNS5_1CILi1EEES8_S8_EEENS6_IJNS7_ILi64EEENS7_ILi128EEESB_EEENS_10bfloat16_tEfNS_4arch4Sm90ELb1ELb0ELb0ELb1ELb0ELb1ELb0ELb0ELi2ELi1ELi2ELi1ELb0ELb0EEENS1_21CollectiveEpilogueBwdISC_SD_SF_Li256ELb1ELb0ELi1EEENS1_25SingleTileBwdLPTSchedulerILb1ELi128ELb0ELb1ELi256EEEEEEEEEvNT_6ParamsE
    40 bytes stack frame, 72 bytes spill stores, 80 bytes spill loads
ptxas info    : Used 168 registers, used 16 barriers, 40 bytes cumulative stack size
ptxas info    : Compile time = 220.041 ms
ptxas info    : Compiling entry function '_ZN7cutlass13device_kernelIN5flash11enable_sm90INS1_16FlashAttnBwdSm90INS1_25CollectiveMainloopBwdSm90ILi2ELi2ELi2EN4cute5tupleIJNS5_1CILi1EEES8_S8_EEENS6_IJNS7_ILi64EEENS7_ILi128EEESB_EEENS_10bfloat16_tEfNS_4arch4Sm90ELb1ELb0ELb0ELb1ELb1ELb1ELb0ELb0ELi2ELi1ELi2ELi1ELb0ELb0EEENS1_21CollectiveEpilogueBwdISC_SD_SF_Li256ELb1ELb0ELi1EEENS1_25SingleTileBwdLPTSchedulerILb1ELi128ELb1ELb0ELi256EEEEEEEEEvNT_6ParamsE' for 'sm_90a'
ptxas info    : Function properties for _ZN7cutlass13device_kernelIN5flash11enable_sm90INS1_16FlashAttnBwdSm90INS1_25CollectiveMainloopBwdSm90ILi2ELi2ELi2EN4cute5tupleIJNS5_1CILi1EEES8_S8_EEENS6_IJNS7_ILi64EEENS7_ILi128EEESB_EEENS_10bfloat16_tEfNS_4arch4Sm90ELb1ELb0ELb0ELb1ELb1ELb1ELb0ELb0ELi2ELi1ELi2ELi1ELb0ELb0EEENS1_21CollectiveEpilogueBwdISC_SD_SF_Li256ELb1ELb0ELi1EEENS1_25SingleTileBwdLPTSchedulerILb1ELi128ELb1ELb0ELi256EEEEEEEEEvNT_6ParamsE
    16 bytes stack frame, 16 bytes spill stores, 20 bytes spill loads
ptxas info    : Used 168 registers, used 16 barriers, 16 bytes cumulative stack size
ptxas info    : Compile time = 189.012 ms
ptxas info    : Compiling entry function '_ZN7cutlass13device_kernelIN5flash11enable_sm90INS1_16FlashAttnBwdSm90INS1_25CollectiveMainloopBwdSm90ILi2ELi2ELi2EN4cute5tupleIJNS5_1CILi1EEES8_S8_EEENS6_IJNS7_ILi64EEENS7_ILi128EEESB_EEENS_10bfloat16_tEfNS_4arch4Sm90ELb1ELb0ELb0ELb1ELb0ELb1ELb0ELb0ELi2ELi1ELi2ELi1ELb0ELb0EEENS1_24CollectiveEpilogueBwdGQAISC_fSF_Li256ELb1ELb0EEENS1_25SingleTileBwdLPTSchedulerILb1ELi128ELb0ELb1ELi256EEEEEEEEEvNT_6ParamsE' for 'sm_90a'
ptxas info    : Function properties for _ZN7cutlass13device_kernelIN5flash11enable_sm90INS1_16FlashAttnBwdSm90INS1_25CollectiveMainloopBwdSm90ILi2ELi2ELi2EN4cute5tupleIJNS5_1CILi1EEES8_S8_EEENS6_IJNS7_ILi64EEENS7_ILi128EEESB_EEENS_10bfloat16_tEfNS_4arch4Sm90ELb1ELb0ELb0ELb1ELb0ELb1ELb0ELb0ELi2ELi1ELi2ELi1ELb0ELb0EEENS1_24CollectiveEpilogueBwdGQAISC_fSF_Li256ELb1ELb0EEENS1_25SingleTileBwdLPTSchedulerILb1ELi128ELb0ELb1ELi256EEEEEEEEEvNT_6ParamsE
    40 bytes stack frame, 72 bytes spill stores, 80 bytes spill loads
ptxas info    : Used 168 registers, used 16 barriers, 40 bytes cumulative stack size
ptxas info    : Compile time = 188.189 ms
ptxas info    : Compiling entry function '_ZN7cutlass13device_kernelIN5flash32FlashAttnBwdPostprocessConvertdQIN4cute5tupleIJNS3_1CILi64EEENS5_ILi128EEEEEENS_10bfloat16_tEfNS_4arch4Sm90ELi256ENS3_8TiledMMAINS3_8MMA_AtomIJNS3_4SM904GMMA27MMA_64x64x16_F32BF16BF16_SSILNSF_5MajorE0ELSH_1ELNSF_7ScaleInE1ELSI_1EEEEEENS3_6LayoutINS4_IJNS5_ILi1EEENS5_ILi2EEESM_EEENS4_IJNS5_ILi0EEESM_SP_EEEEENS4_IJNS3_10UnderscoreESS_SS_EEEEELb0EEEEEvNT_6ParamsE' for 'sm_90a'
ptxas info    : Function properties for _ZN7cutlass13device_kernelIN5flash32FlashAttnBwdPostprocessConvertdQIN4cute5tupleIJNS3_1CILi64EEENS5_ILi128EEEEEENS_10bfloat16_tEfNS_4arch4Sm90ELi256ENS3_8TiledMMAINS3_8MMA_AtomIJNS3_4SM904GMMA27MMA_64x64x16_F32BF16BF16_SSILNSF_5MajorE0ELSH_1ELNSF_7ScaleInE1ELSI_1EEEEEENS3_6LayoutINS4_IJNS5_ILi1EEENS5_ILi2EEESM_EEENS4_IJNS5_ILi0EEESM_SP_EEEEENS4_IJNS3_10UnderscoreESS_SS_EEEEELb0EEEEEvNT_6ParamsE
    0 bytes stack frame, 0 bytes spill stores, 0 bytes spill loads
ptxas info    : Used 56 registers, used 1 barriers
ptxas info    : Compile time = 9.118 ms
ptxas info    : Compiling entry function '_ZN7cutlass13device_kernelIN5flash11enable_sm90INS1_16FlashAttnBwdSm90INS1_25CollectiveMainloopBwdSm90ILi2ELi2ELi2EN4cute5tupleIJNS5_1CILi1EEES8_S8_EEENS6_IJNS7_ILi64EEENS7_ILi128EEESB_EEENS_10bfloat16_tEfNS_4arch4Sm90ELb1ELb0ELb0ELb1ELb1ELb1ELb0ELb0ELi2ELi1ELi2ELi1ELb0ELb0EEENS1_24CollectiveEpilogueBwdGQAISC_fSF_Li256ELb1ELb1EEENS1_25SingleTileBwdLPTSchedulerILb1ELi128ELb1ELb0ELi256EEEEEEEEEvNT_6ParamsE' for 'sm_90a'
ptxas info    : Function properties for _ZN7cutlass13device_kernelIN5flash11enable_sm90INS1_16FlashAttnBwdSm90INS1_25CollectiveMainloopBwdSm90ILi2ELi2ELi2EN4cute5tupleIJNS5_1CILi1EEES8_S8_EEENS6_IJNS7_ILi64EEENS7_ILi128EEESB_EEENS_10bfloat16_tEfNS_4arch4Sm90ELb1ELb0ELb0ELb1ELb1ELb1ELb0ELb0ELi2ELi1ELi2ELi1ELb0ELb0EEENS1_24CollectiveEpilogueBwdGQAISC_fSF_Li256ELb1ELb1EEENS1_25SingleTileBwdLPTSchedulerILb1ELi128ELb1ELb0ELi256EEEEEEEEEvNT_6ParamsE
    16 bytes stack frame, 16 bytes spill stores, 20 bytes spill loads
ptxas info    : Used 168 registers, used 16 barriers, 16 bytes cumulative stack size
ptxas info    : Compile time = 167.488 ms
ptxas info    : Compiling entry function '_ZN7cutlass13device_kernelIN5flash22FlashAttnBwdPreprocessIN4cute5tupleIJNS3_1CILi64EEENS5_ILi128EEEEEENS_10bfloat16_tEfNS_4arch4Sm90ELb1ELb1EEEEEvNT_6ParamsE' for 'sm_90a'
ptxas info    : Function properties for _ZN7cutlass13device_kernelIN5flash22FlashAttnBwdPreprocessIN4cute5tupleIJNS3_1CILi64EEENS5_ILi128EEEEEENS_10bfloat16_tEfNS_4arch4Sm90ELb1ELb1EEEEEvNT_6ParamsE
    0 bytes stack frame, 0 bytes spill stores, 0 bytes spill loads
ptxas info    : Used 64 registers, used 0 barriers
ptxas info    : Compile time = 13.715 ms
ptxas info    : Compiling entry function '_ZN7cutlass13device_kernelIN5flash11enable_sm90INS1_16FlashAttnBwdSm90INS1_25CollectiveMainloopBwdSm90ILi2ELi2ELi2EN4cute5tupleIJNS5_1CILi1EEES8_S8_EEENS6_IJNS7_ILi80EEENS7_ILi128EEESB_EEENS_10bfloat16_tEfNS_4arch4Sm90ELb0ELb0ELb0ELb0ELb0ELb1ELb0ELb1ELi2ELi1ELi2ELi1ELb0ELb0EEENS1_21CollectiveEpilogueBwdISC_SD_SF_Li256ELb0ELb0ELi1EEENS1_22SingleTileBwdSchedulerILb0ELi128ELb1EEEEEEEEEvNT_6ParamsE' for 'sm_90a'
ptxas info    : Function properties for _ZN7cutlass13device_kernelIN5flash11enable_sm90INS1_16FlashAttnBwdSm90INS1_25CollectiveMainloopBwdSm90ILi2ELi2ELi2EN4cute5tupleIJNS5_1CILi1EEES8_S8_EEENS6_IJNS7_ILi80EEENS7_ILi128EEESB_EEENS_10bfloat16_tEfNS_4arch4Sm90ELb0ELb0ELb0ELb0ELb0ELb1ELb0ELb1ELi2ELi1ELi2ELi1ELb0ELb0EEENS1_21CollectiveEpilogueBwdISC_SD_SF_Li256ELb0ELb0ELi1EEENS1_22SingleTileBwdSchedulerILb0ELi128ELb1EEEEEEEEEvNT_6ParamsE
    64 bytes stack frame, 112 bytes spill stores, 156 bytes spill loads
ptxas info    : Used 168 registers, used 16 barriers, 64 bytes cumulative stack size
ptxas info    : Compile time = 159.302 ms
ptxas info    : Compiling entry function '_ZN7cutlass13device_kernelIN5flash11enable_sm90INS1_16FlashAttnBwdSm90INS1_25CollectiveMainloopBwdSm90ILi2ELi2ELi2EN4cute5tupleIJNS5_1CILi1EEES8_S8_EEENS6_IJNS7_ILi80EEENS7_ILi128EEESB_EEENS_10bfloat16_tEfNS_4arch4Sm90ELb0ELb0ELb0ELb0ELb1ELb1ELb0ELb1ELi2ELi1ELi2ELi1ELb0ELb0EEENS1_21CollectiveEpilogueBwdISC_SD_SF_Li256ELb0ELb0ELi1EEENS1_22SingleTileBwdSchedulerILb0ELi128ELb0EEEEEEEEEvNT_6ParamsE' for 'sm_90a'
ptxas info    : Function properties for _ZN7cutlass13device_kernelIN5flash11enable_sm90INS1_16FlashAttnBwdSm90INS1_25CollectiveMainloopBwdSm90ILi2ELi2ELi2EN4cute5tupleIJNS5_1CILi1EEES8_S8_EEENS6_IJNS7_ILi80EEENS7_ILi128EEESB_EEENS_10bfloat16_tEfNS_4arch4Sm90ELb0ELb0ELb0ELb0ELb1ELb1ELb0ELb1ELi2ELi1ELi2ELi1ELb0ELb0EEENS1_21CollectiveEpilogueBwdISC_SD_SF_Li256ELb0ELb0ELi1EEENS1_22SingleTileBwdSchedulerILb0ELi128ELb0EEEEEEEEEvNT_6ParamsE
    8 bytes stack frame, 4 bytes spill stores, 8 bytes spill loads
ptxas info    : Used 168 registers, used 16 barriers, 8 bytes cumulative stack size
ptxas info    : Compile time = 152.501 ms
ptxas info    : Compiling entry function '_ZN7cutlass13device_kernelIN5flash11enable_sm90INS1_16FlashAttnBwdSm90INS1_25CollectiveMainloopBwdSm90ILi2ELi2ELi2EN4cute5tupleIJNS5_1CILi1EEES8_S8_EEENS6_IJNS7_ILi80EEENS7_ILi128EEESB_EEENS_10bfloat16_tEfNS_4arch4Sm90ELb0ELb0ELb0ELb0ELb0ELb1ELb0ELb1ELi2ELi1ELi2ELi1ELb0ELb0EEENS1_24CollectiveEpilogueBwdGQAISC_fSF_Li256ELb0ELb0EEENS1_22SingleTileBwdSchedulerILb0ELi128ELb1EEEEEEEEEvNT_6ParamsE' for 'sm_90a'
ptxas info    : Function properties for _ZN7cutlass13device_kernelIN5flash11enable_sm90INS1_16FlashAttnBwdSm90INS1_25CollectiveMainloopBwdSm90ILi2ELi2ELi2EN4cute5tupleIJNS5_1CILi1EEES8_S8_EEENS6_IJNS7_ILi80EEENS7_ILi128EEESB_EEENS_10bfloat16_tEfNS_4arch4Sm90ELb0ELb0ELb0ELb0ELb0ELb1ELb0ELb1ELi2ELi1ELi2ELi1ELb0ELb0EEENS1_24CollectiveEpilogueBwdGQAISC_fSF_Li256ELb0ELb0EEENS1_22SingleTileBwdSchedulerILb0ELi128ELb1EEEEEEEEEvNT_6ParamsE
    64 bytes stack frame, 96 bytes spill stores, 140 bytes spill loads
ptxas info    : Used 168 registers, used 16 barriers, 64 bytes cumulative stack size
ptxas info    : Compile time = 157.844 ms
ptxas info    : Compiling entry function '_ZN7cutlass13device_kernelIN5flash11enable_sm90INS1_16FlashAttnBwdSm90INS1_25CollectiveMainloopBwdSm90ILi2ELi2ELi2EN4cute5tupleIJNS5_1CILi1EEES8_S8_EEENS6_IJNS7_ILi80EEENS7_ILi128EEESB_EEENS_10bfloat16_tEfNS_4arch4Sm90ELb0ELb0ELb0ELb0ELb1ELb1ELb0ELb1ELi2ELi1ELi2ELi1ELb0ELb0EEENS1_24CollectiveEpilogueBwdGQAISC_fSF_Li256ELb0ELb1EEENS1_22SingleTileBwdSchedulerILb0ELi128ELb0EEEEEEEEEvNT_6ParamsE' for 'sm_90a'
ptxas info    : Function properties for _ZN7cutlass13device_kernelIN5flash11enable_sm90INS1_16FlashAttnBwdSm90INS1_25CollectiveMainloopBwdSm90ILi2ELi2ELi2EN4cute5tupleIJNS5_1CILi1EEES8_S8_EEENS6_IJNS7_ILi80EEENS7_ILi128EEESB_EEENS_10bfloat16_tEfNS_4arch4Sm90ELb0ELb0ELb0ELb0ELb1ELb1ELb0ELb1ELi2ELi1ELi2ELi1ELb0ELb0EEENS1_24CollectiveEpilogueBwdGQAISC_fSF_Li256ELb0ELb1EEENS1_22SingleTileBwdSchedulerILb0ELi128ELb0EEEEEEEEEvNT_6ParamsE
    8 bytes stack frame, 8 bytes spill stores, 8 bytes spill loads
ptxas info    : Used 168 registers, used 16 barriers, 8 bytes cumulative stack size
ptxas info    : Compile time = 154.325 ms
ptxas info    : Compiling entry function '_ZN7cutlass13device_kernelIN5flash22FlashAttnBwdPreprocessIN4cute5tupleIJNS3_1CILi80EEENS5_ILi128EEEEEENS_10bfloat16_tEfNS_4arch4Sm90ELb1ELb0EEEEEvNT_6ParamsE' for 'sm_90a'
ptxas info    : Function properties for _ZN7cutlass13device_kernelIN5flash22FlashAttnBwdPreprocessIN4cute5tupleIJNS3_1CILi80EEENS5_ILi128EEEEEENS_10bfloat16_tEfNS_4arch4Sm90ELb1ELb0EEEEEvNT_6ParamsE
    0 bytes stack frame, 0 bytes spill stores, 0 bytes spill loads
ptxas info    : Used 70 registers, used 0 barriers
ptxas info    : Compile time = 13.947 ms
ptxas info    : Compiling entry function '_ZN7cutlass13device_kernelIN5flash11enable_sm90INS1_16FlashAttnBwdSm90INS1_25CollectiveMainloopBwdSm90ILi2ELi2ELi2EN4cute5tupleIJNS5_1CILi1EEES8_S8_EEENS6_IJNS7_ILi80EEENS7_ILi128EEESB_EEENS_10bfloat16_tEfNS_4arch4Sm90ELb0ELb0ELb0ELb1ELb0ELb1ELb0ELb1ELi2ELi1ELi2ELi1ELb0ELb0EEENS1_21CollectiveEpilogueBwdISC_SD_SF_Li256ELb1ELb0ELi1EEENS1_22SingleTileBwdSchedulerILb1ELi128ELb1EEEEEEEEEvNT_6ParamsE' for 'sm_90a'
ptxas info    : Function properties for _ZN7cutlass13device_kernelIN5flash11enable_sm90INS1_16FlashAttnBwdSm90INS1_25CollectiveMainloopBwdSm90ILi2ELi2ELi2EN4cute5tupleIJNS5_1CILi1EEES8_S8_EEENS6_IJNS7_ILi80EEENS7_ILi128EEESB_EEENS_10bfloat16_tEfNS_4arch4Sm90ELb0ELb0ELb0ELb1ELb0ELb1ELb0ELb1ELi2ELi1ELi2ELi1ELb0ELb0EEENS1_21CollectiveEpilogueBwdISC_SD_SF_Li256ELb1ELb0ELi1EEENS1_22SingleTileBwdSchedulerILb1ELi128ELb1EEEEEEEEEvNT_6ParamsE
    64 bytes stack frame, 120 bytes spill stores, 192 bytes spill loads
ptxas info    : Used 168 registers, used 16 barriers, 64 bytes cumulative stack size
ptxas info    : Compile time = 203.818 ms
ptxas info    : Compiling entry function '_ZN7cutlass13device_kernelIN5flash11enable_sm90INS1_16FlashAttnBwdSm90INS1_25CollectiveMainloopBwdSm90ILi2ELi2ELi2EN4cute5tupleIJNS5_1CILi1EEES8_S8_EEENS6_IJNS7_ILi80EEENS7_ILi128EEESB_EEENS_10bfloat16_tEfNS_4arch4Sm90ELb0ELb0ELb0ELb1ELb1ELb1ELb0ELb1ELi2ELi1ELi2ELi1ELb0ELb0EEENS1_21CollectiveEpilogueBwdISC_SD_SF_Li256ELb1ELb0ELi1EEENS1_22SingleTileBwdSchedulerILb1ELi128ELb0EEEEEEEEEvNT_6ParamsE' for 'sm_90a'
ptxas info    : Function properties for _ZN7cutlass13device_kernelIN5flash11enable_sm90INS1_16FlashAttnBwdSm90INS1_25CollectiveMainloopBwdSm90ILi2ELi2ELi2EN4cute5tupleIJNS5_1CILi1EEES8_S8_EEENS6_IJNS7_ILi80EEENS7_ILi128EEESB_EEENS_10bfloat16_tEfNS_4arch4Sm90ELb0ELb0ELb0ELb1ELb1ELb1ELb0ELb1ELi2ELi1ELi2ELi1ELb0ELb0EEENS1_21CollectiveEpilogueBwdISC_SD_SF_Li256ELb1ELb0ELi1EEENS1_22SingleTileBwdSchedulerILb1ELi128ELb0EEEEEEEEEvNT_6ParamsE
    8 bytes stack frame, 4 bytes spill stores, 4 bytes spill loads
ptxas info    : Used 168 registers, used 16 barriers, 8 bytes cumulative stack size
ptxas info    : Compile time = 187.803 ms
ptxas info    : Compiling entry function '_ZN7cutlass13device_kernelIN5flash11enable_sm90INS1_16FlashAttnBwdSm90INS1_25CollectiveMainloopBwdSm90ILi2ELi2ELi2EN4cute5tupleIJNS5_1CILi1EEES8_S8_EEENS6_IJNS7_ILi80EEENS7_ILi128EEESB_EEENS_10bfloat16_tEfNS_4arch4Sm90ELb0ELb0ELb0ELb1ELb0ELb1ELb0ELb1ELi2ELi1ELi2ELi1ELb0ELb0EEENS1_24CollectiveEpilogueBwdGQAISC_fSF_Li256ELb1ELb0EEENS1_22SingleTileBwdSchedulerILb1ELi128ELb1EEEEEEEEEvNT_6ParamsE' for 'sm_90a'
ptxas info    : Function properties for _ZN7cutlass13device_kernelIN5flash11enable_sm90INS1_16FlashAttnBwdSm90INS1_25CollectiveMainloopBwdSm90ILi2ELi2ELi2EN4cute5tupleIJNS5_1CILi1EEES8_S8_EEENS6_IJNS7_ILi80EEENS7_ILi128EEESB_EEENS_10bfloat16_tEfNS_4arch4Sm90ELb0ELb0ELb0ELb1ELb0ELb1ELb0ELb1ELi2ELi1ELi2ELi1ELb0ELb0EEENS1_24CollectiveEpilogueBwdGQAISC_fSF_Li256ELb1ELb0EEENS1_22SingleTileBwdSchedulerILb1ELi128ELb1EEEEEEEEEvNT_6ParamsE
    56 bytes stack frame, 92 bytes spill stores, 164 bytes spill loads
ptxas info    : Used 168 registers, used 16 barriers, 56 bytes cumulative stack size
ptxas info    : Compile time = 176.527 ms
ptxas info    : Compiling entry function '_ZN7cutlass13device_kernelIN5flash32FlashAttnBwdPostprocessConvertdQIN4cute5tupleIJNS3_1CILi128EEES6_EEENS_10bfloat16_tEfNS_4arch4Sm90ELi256ENS3_8TiledMMAINS3_8MMA_AtomIJNS3_4SM904GMMA28MMA_64x128x16_F32BF16BF16_RSILNSE_5MajorE0ELSG_1ELNSE_7ScaleInE1ELSH_1EEEEEENS3_6LayoutINS4_IJNS5_ILi2EEENS5_ILi1EEESM_EEENS4_IJSM_NS5_ILi0EEESO_EEEEENS4_IJNS3_10UnderscoreESR_SR_EEEEELb0EEEEEvNT_6ParamsE' for 'sm_90a'
ptxas info    : Function properties for _ZN7cutlass13device_kernelIN5flash32FlashAttnBwdPostprocessConvertdQIN4cute5tupleIJNS3_1CILi128EEES6_EEENS_10bfloat16_tEfNS_4arch4Sm90ELi256ENS3_8TiledMMAINS3_8MMA_AtomIJNS3_4SM904GMMA28MMA_64x128x16_F32BF16BF16_RSILNSE_5MajorE0ELSG_1ELNSE_7ScaleInE1ELSH_1EEEEEENS3_6LayoutINS4_IJNS5_ILi2EEENS5_ILi1EEESM_EEENS4_IJSM_NS5_ILi0EEESO_EEEEENS4_IJNS3_10UnderscoreESR_SR_EEEEELb0EEEEEvNT_6ParamsE
    0 bytes stack frame, 0 bytes spill stores, 0 bytes spill loads
ptxas info    : Used 88 registers, used 1 barriers
ptxas info    : Compile time = 12.940 ms
ptxas info    : Compiling entry function '_ZN7cutlass13device_kernelIN5flash32FlashAttnBwdPostprocessConvertdQIN4cute5tupleIJNS3_1CILi80EEENS5_ILi128EEEEEENS_10bfloat16_tEfNS_4arch4Sm90ELi256ENS3_8TiledMMAINS3_8MMA_AtomIJNS3_4SM904GMMA27MMA_64x80x16_F32BF16BF16_SSILNSF_5MajorE1ELSH_0ELNSF_7ScaleInE1ELSI_1EEEEEENS3_6LayoutINS4_IJNS5_ILi2EEENS5_ILi1EEESN_EEENS4_IJSN_NS5_ILi0EEESP_EEEEENS4_IJNS3_10UnderscoreESS_SS_EEEEELb1EEEEEvNT_6ParamsE' for 'sm_90a'
ptxas info    : Function properties for _ZN7cutlass13device_kernelIN5flash32FlashAttnBwdPostprocessConvertdQIN4cute5tupleIJNS3_1CILi80EEENS5_ILi128EEEEEENS_10bfloat16_tEfNS_4arch4Sm90ELi256ENS3_8TiledMMAINS3_8MMA_AtomIJNS3_4SM904GMMA27MMA_64x80x16_F32BF16BF16_SSILNSF_5MajorE1ELSH_0ELNSF_7ScaleInE1ELSI_1EEEEEENS3_6LayoutINS4_IJNS5_ILi2EEENS5_ILi1EEESN_EEENS4_IJSN_NS5_ILi0EEESP_EEEEENS4_IJNS3_10UnderscoreESS_SS_EEEEELb1EEEEEvNT_6ParamsE
    0 bytes stack frame, 0 bytes spill stores, 0 bytes spill loads
ptxas info    : Used 64 registers, used 1 barriers
ptxas info    : Compile time = 9.859 ms
ptxas info    : Compiling entry function '_ZN7cutlass13device_kernelIN5flash11enable_sm90INS1_16FlashAttnBwdSm90INS1_25CollectiveMainloopBwdSm90ILi2ELi2ELi2EN4cute5tupleIJNS5_1CILi1EEES8_S8_EEENS6_IJNS7_ILi80EEENS7_ILi128EEESB_EEENS_10bfloat16_tEfNS_4arch4Sm90ELb0ELb0ELb0ELb1ELb1ELb1ELb0ELb1ELi2ELi1ELi2ELi1ELb0ELb0EEENS1_24CollectiveEpilogueBwdGQAISC_fSF_Li256ELb1ELb1EEENS1_22SingleTileBwdSchedulerILb1ELi128ELb0EEEEEEEEEvNT_6ParamsE' for 'sm_90a'
ptxas info    : Function properties for _ZN7cutlass13device_kernelIN5flash11enable_sm90INS1_16FlashAttnBwdSm90INS1_25CollectiveMainloopBwdSm90ILi2ELi2ELi2EN4cute5tupleIJNS5_1CILi1EEES8_S8_EEENS6_IJNS7_ILi80EEENS7_ILi128EEESB_EEENS_10bfloat16_tEfNS_4arch4Sm90ELb0ELb0ELb0ELb1ELb1ELb1ELb0ELb1ELi2ELi1ELi2ELi1ELb0ELb0EEENS1_24CollectiveEpilogueBwdGQAISC_fSF_Li256ELb1ELb1EEENS1_22SingleTileBwdSchedulerILb1ELi128ELb0EEEEEEEEEvNT_6ParamsE
    8 bytes stack frame, 4 bytes spill stores, 4 bytes spill loads
ptxas info    : Used 168 registers, used 16 barriers, 8 bytes cumulative stack size
ptxas info    : Compile time = 167.796 ms
ptxas info    : Compiling entry function '_ZN7cutlass13device_kernelIN5flash22FlashAttnBwdPreprocessIN4cute5tupleIJNS3_1CILi80EEENS5_ILi128EEEEEENS_10bfloat16_tEfNS_4arch4Sm90ELb1ELb1EEEEEvNT_6ParamsE' for 'sm_90a'
ptxas info    : Function properties for _ZN7cutlass13device_kernelIN5flash22FlashAttnBwdPreprocessIN4cute5tupleIJNS3_1CILi80EEENS5_ILi128EEEEEENS_10bfloat16_tEfNS_4arch4Sm90ELb1ELb1EEEEEvNT_6ParamsE
    0 bytes stack frame, 0 bytes spill stores, 0 bytes spill loads
ptxas info    : Used 72 registers, used 0 barriers
ptxas info    : Compile time = 15.452 ms
ninja: build stopped: subcommand failed.
Traceback (most recent call last):
  File "/home/hychen/min_fa3_demo/.venv/lib/python3.12/site-packages/torch/utils/cpp_extension.py", line 2693, in _run_ninja_build
    subprocess.run(
  File "/home/hychen/.local/share/uv/python/cpython-3.12.13-linux-x86_64-gnu/lib/python3.12/subprocess.py", line 571, in run
    raise CalledProcessError(retcode, process.args,
subprocess.CalledProcessError: Command '['ninja', '-v', '-j', '4']' returned non-zero exit status 2.

The above exception was the direct cause of the following exception:

Traceback (most recent call last):
  File "/home/hychen/min_fa3_demo/setup.py", line 138, in <module>
    setup(
  File "/home/hychen/min_fa3_demo/.venv/lib/python3.12/site-packages/setuptools/__init__.py", line 117, in setup
    return distutils.core.setup(**attrs)  # type: ignore[return-value]
           ^^^^^^^^^^^^^^^^^^^^^^^^^^^^^
  File "/home/hychen/min_fa3_demo/.venv/lib/python3.12/site-packages/setuptools/_distutils/core.py", line 186, in setup
    return run_commands(dist)
           ^^^^^^^^^^^^^^^^^^
  File "/home/hychen/min_fa3_demo/.venv/lib/python3.12/site-packages/setuptools/_distutils/core.py", line 202, in run_commands
    dist.run_commands()
  File "/home/hychen/min_fa3_demo/.venv/lib/python3.12/site-packages/setuptools/_distutils/dist.py", line 1001, in run_commands
    self.run_command(cmd)
  File "/home/hychen/min_fa3_demo/.venv/lib/python3.12/site-packages/setuptools/dist.py", line 1107, in run_command
    super().run_command(command)
  File "/home/hychen/min_fa3_demo/.venv/lib/python3.12/site-packages/setuptools/_distutils/dist.py", line 1020, in run_command
    cmd_obj.run()
  File "/home/hychen/min_fa3_demo/.venv/lib/python3.12/site-packages/setuptools/command/build_ext.py", line 97, in run
    _build_ext.run(self)
  File "/home/hychen/min_fa3_demo/.venv/lib/python3.12/site-packages/setuptools/_distutils/command/build_ext.py", line 367, in run
    self.build_extensions()
  File "/home/hychen/min_fa3_demo/.venv/lib/python3.12/site-packages/torch/utils/cpp_extension.py", line 1143, in build_extensions
    build_ext.build_extensions(self)
  File "/home/hychen/min_fa3_demo/.venv/lib/python3.12/site-packages/setuptools/_distutils/command/build_ext.py", line 483, in build_extensions
    self._build_extensions_serial()
  File "/home/hychen/min_fa3_demo/.venv/lib/python3.12/site-packages/setuptools/_distutils/command/build_ext.py", line 509, in _build_extensions_serial
    self.build_extension(ext)
  File "/home/hychen/min_fa3_demo/.venv/lib/python3.12/site-packages/setuptools/command/build_ext.py", line 262, in build_extension
    _build_ext.build_extension(self, ext)
  File "/home/hychen/min_fa3_demo/.venv/lib/python3.12/site-packages/setuptools/_distutils/command/build_ext.py", line 564, in build_extension
    objects = self.compiler.compile(
              ^^^^^^^^^^^^^^^^^^^^^^
  File "/home/hychen/min_fa3_demo/.venv/lib/python3.12/site-packages/torch/utils/cpp_extension.py", line 900, in unix_wrap_ninja_compile
    _write_ninja_file_and_compile_objects(
  File "/home/hychen/min_fa3_demo/.venv/lib/python3.12/site-packages/torch/utils/cpp_extension.py", line 2297, in _write_ninja_file_and_compile_objects
    _run_ninja_build(
  File "/home/hychen/min_fa3_demo/.venv/lib/python3.12/site-packages/torch/utils/cpp_extension.py", line 2710, in _run_ninja_build
    raise RuntimeError(message) from e
RuntimeError: Error compiling objects for extension
make: *** [Makefile:4: all] Error 1
